[    0.000000] Initializing cgroup subsys cpuset
[    0.000000] Initializing cgroup subsys cpu
[    0.000000] Initializng cgroup subsys cpuacct
[    0.000000] Linux version 4.4.0-135-generic (buildd@lcy01-amd64-020) (gcc version 5.4.0 20160609 (Ubuntu 5.4.0-6ubuntu1~16.04.10) ) #161-Ubuntu SMP Mon Aug 27 10:45:01 UTC 2018 (Ubuntu 4.4.0-135.161-generic 4.4.140)
[    0.000000] Command line: BOOT_IMAGE=/boot/vmlinuz-4.4.0-135-generic root=LABEL=cloudimg-rootfs ro console=tty1 console=ttyS0
[    0.000000] KERNEL supported cpus:
[    0.000000]   Intel GenuineIntel
[    0.000000]   AMD AuthenticAMD
[    0.000000]   Centaur CentaurHauls
[    0.000000] x86/fpu: xstate_offset[2]:  576, xstate_sizes[2]:  256
[   0.000000] x86/fpu: Supporting XSAVE feature 0x01: 'x87 floating point registers'
[    0.000000] x86/fpu: Supporting XSAVE feature 0x02: 'SSE registers'
[    0.000000] x86/fpu: Supporting XSAVE feature 0x04: 'AVX registers'
[    0.000000] x86/fpu: Enabled xstate features 0x7, context size is 832 bytes, using 'standard' format.
[    0.000000] e820: BIOS-provided physical RAM map:
[    0.000000] BIOS-e820: [mem 0x0000000000000000-0x000000000009fbff] usable
[    0.000000] BIOS-e820: [mem 0x000000000009fc00-0x000000000009ffff] reserved
[    0.000000] BIOS-e820: [mem 0x00000000000f0000-0x00000000000fffff] reserved
[    0.000000] BIOS-e820: [mem 0000000000100000-0x000000003ffeffff] usable
[    0.000000] BIOS-e820: [mem 0x000000003fff0000-0x000000003fffffff] ACPI data
[    0.000000] BIOS-e820: [mem 0x00000000fec00000-0x00000000fec00fff] reserved
[    0.000000] BIOS-e820: [mem 0x00000000fee00000-0x00000000fee00fff] reserved
[    0.000000] BIOS-e820: [mem 0x00000000fffc0000-0x00000000ffffffff] reserved
[    0.000000] NX (Execute Disable) protection: active
[    0.000000] SMBIOS 2.5 present.
[    0.000000] Hypervisor detected: KVM
[    0.000000] e820: last_pfn = 0x3fff0 max_arch_pfn = 0x400000000
[    0.000000] MTRR: Disabled
[    0.000000] x86/PAT: MTRRs disabled, skipping PAT initialization too.
[    0.000000] CPU MTRRs all blank - virtualized system.
[    0.000000] x86/PAT: Configuration [0-7]: WB  WT  UC- UC  WB  WT  UC- UC  
[    0.000000] found SMP MP-table at [mem 0x0009fff0-0x0009ffff] mapped at [ffff88000009fff0]
[    0.000000] Scanning 1 areas for low memory corruption
[    0.000000] RAMDISK: [mem 0x3630a000-0x3717cfff]
[    0.000000] ACPI: Early table checksum verification disabled
[    0.000000] ACPI: RSDP 0x00000000000E0000 000024 (v02 VBOX  )
[    0.000000] ACPI: XSDT 0x000000003FFF0030 00003C (v01 VBOX   VBOXXSDT 00000001 ASL  00000061)
[    0.000000] ACPI: FACP 0x000000003FFF00F0 0000F4 (v04 VBOX   VBOXFACP 00000001 ASL  00000061)
[  0.000000] ACPI: DST 0x000000003FFF0470 0021FF (v02 VBOX   VBOXBIOS 00000002 INTL 20100528)
[    0.000000] ACPI: FACS 0x000000003FFF0200 000040
[    0.000000] ACPI: FACS 0x000000003FFF0200 000040
[    0.000000] ACPI: APIC 0x000000003FFF0240 00005C (v02 VBOX   VBOXAPIC 00000001 ASL  00000061)
[    0.000000] ACPI: SSDT 0x000000003FFF02A0 0001CC (v01 VBOX   VBOXCPUT 00000002 INTL 20100528)
[    0.000000] No NUMA configuration found
[    0.000000] Faking a node at [mem 0x0000000000000000-0x000000003ffeffff]
[    0.000000] NODE_DATA(0) allocated [mem 0x3ffeb000-0x3ffeffff]
[    0.000000] kvm-clock: Using msrs 4b564d01 and 4b564d00
[    0.000000] kvm-clock: cpu 0, msr 0:3ffe3001, primary cpu clock
[    0.000000] kvm-clock: using sched offset of 3481454294 cycles
[    0.000000] clocksource: kvm-clock: mask: 0xffffffffffffffff max_cycles: 0x1cd42e4dffb, max_idle_ns: 881590591483 ns
[    0.000000] Zone ranges:
[    0.000000]   DMA      [mem 0x0000000000001000-0x0000000000ffffff]
[    0.000000]   DMA32    [mem 0x0000000001000000-0x000000003ffeffff]
[    0.000000]   Normal   empty
[    0.000000]   Device   empy
[    0.000000] Movable zone start for each node
[    0.000000] Early memory node ranges
[    0.000000]   node   0: [mem 0x0000000000001000-0x000000000009eefff]
[    0.000000]   node   0: [mem 0x0000000000100000-0x000000003ffeffff]
[   0.000000] Initmem setup node 0 [mem 0x0000000000001000-0x000000003ffeffff]
[    0.000000] API: PM-Timer IO Port: 0x4008
[    0.000000] IOAPIC[0]: apic_id 2, version 32, address 0xfec00000, GSI 0-23
[    0.000000] ACPI: INT_SRC_OVR(bus 0 bus_irq 0 global_irq 2 dfl dfl)
[    0.000000] ACPI: INT_SRC_OVR (bus 0 bus_irq 9 global_irq 9 low level)
[    0.000000] Using ACPI (MADT) for SMP configuration information
[    0.000000] smpboot: Allowing 2 CPUs, 0 hotplug CPUs
[    0.000000] PM: Registered nosave memory: [mem 0x00000000-0x00000fff]
[    0.000000] PM: Registered nosave memory: [mem 0x0009f000-0x0009ffff]
[    0.000000] PM: Registered nosave memory: [mem 0x000a0000-0x000effff]
[    0.000000] PM: Registered nosave memory: [mem 0x000f0000-0x000fffff]
[    0.000000] e820: [mem 0x40000000-0xfebfffff] available for PCI devices
[    0.000000] Booting paravirtualized kernel on KVM
[    0.000000] clocksource: refined-jiffies: mask: 0xffffffff max_cycles: 0xffffffff, max_idle_ns: 7645519600211568 ns
[    0.000000] setup_percpu: NR_CPUS:512 nr_cpumask_bits:512 nr_cpu_ids:2 nr_node_ids:1
[    0.000000] PERCP Embedded 34 pages/cpu @ffff88003fc00000 s99544 r8192 d31528 u1048576
[    0.000000] PV qspinlock hash table entries: 256 (order: 0, 4096 bytes)
[    0.000000] Built 1 zonelists in Node order, mobility grouping on.  Total pages: 257912
[    0.000000] Policy zone: DMA32
[    0.000000] Kernel command line: BOOT_IMAGE=/boot/vmlinuz-4.4.0-135-generic root=LABEL=cloudimg-rootfs ro console=tty1 console=ttyS0
[    0.00000] PID hash table entries: 4096 (order: 3, 32768 bytes)
[    0.000000] Memory: 997720K/1048120K available (8554K kernel code, 1314K rwdat, 4004K rodata, 1516K init, 1316K bss, 50400K reserved, 0K cma-reserved)
[    0.000000] SLUB: HWalign=64, Order=0-3, MinObjects=0, CPUs=2 Nodes=1
[    0.000000] Kernel/User page tables isolation: enabled
[    0.000000] Hierarchical RCU implementation.
[    0.000000] 	Build-time adjustment of leaf fanout to 64.
[    0.000000] 	RCU restricting CPUs from NR_CPUS=512 to nr_cpu_ids=2.
[    0.000000] RCU: Adjusting geometry for rcu_fanout_leaf=64, nr_cpu_ids=2
[    0.000000] NR_IRQS:33024 nr_irqs:440 16
[    0.000000] Console: colour VGA+ 80x25
[    0.000000] console [tty1] enabled
[    0.000000] console [ttyS0] enabled
[    0.000000] tsc: Detected 2494.334 MHz processor
[    0.486915] Calibrating delay loop (skipped) preset value.. 498.66 BogoMIPS (lpj=9977336)
[    0.510710] pid_max: default: 32768 minimum: 301
[    0.512144] ACPI: Core revision 20150930
[    0.515008] ACPI: 2 ACPI AML tables successfully acquired and loaded
[    0.517027] Security Framework initialized
[    0.518374] Yama: becoming mindful.
[    0.519570] AppArmor: AppArmor initialized
[    0.520992] Dentry cache hash table entries: 131072 (order: 8, 1048576 bytes)
[    0.524457] Inode-cache hash table entries: 65536 (order: 7, 524288 bytes)
[    0.526286] Mount-cache hash table entries: 2048 (order: 2, 16384 bytes)
[    0.527992] Mountpoint-cache hash table entries: 2048 (order: 2, 16384 bytes)
[    0.535583] Initializing cgroup subsys io
[    0.536735] Initializing cgroup subsys memory
[    0.537989] Initializing cgroup subsys devices
[    0.539222] Initializing cgroup subsys freezer
[    0.540456] Initializing cgroup subsys net_cls
[    0.541684] Initializing cgroup subsys perf_event
[    0.546977] Initializing cgroup subsys net_prio
[    0.548232] Initializing cgroup subsys hugetlb
[    0.549481] Initializing cgroup subsys pids
[    0.550722] mce: CPU supports 0 MCE banks
[    0.551907] Last level iTLB entries: 4KB 512, 2MB 8, 4MB 8
[    0.553351] Last level dTLB entries: 4KB 512, 2MB 32, 4MB 32, 1GB 0
[    0.554988] Spectre V2 : Mitigation: Full generic retpoline
[    0.556455] Spectre V2 : Speculation control IBPB not-supported IBRS not-supported
[    0.558617] Speculative Store Bypass: Vulnerable
[    0.564913] Freeing SMP alternatives memory: 32K
[    0.580634] ftrace: allocating 32266 entries in 127 pages
[    0.659517] smpboot: APIC(0) Converting physical 0 to logical package 0
[    0.661294] smpboot: Max logical packages: 1
[    0.662811] x2apic enabled
[    0.663905] Switched APIC routing to physical x2apic.
[    0.666482] ..TIMER: vector=0x30 apic1=0 pin1=2 apic2=-1 pin2=-1
[    0.773968] smpboot: CPU0: Intel(R) Core(TM) i5-2450M CPU @ 2.50GHz (family: 0x6, model: 0x2a, stepping: 0x7)
[    0.780202] Performance Events: unsupported p6 CPU model 42 no PMU driver, software events only.
[    0.782749] KVM setup paravirtual spinlock
[    0.784869] x86: Booting SMP configuration:
[    0.786065] .... node  #0, CPUs:      #1
[    0.787388] kvm-clock: cpu 1, msr 0:3ffe3041, secondary cpu clock
[    0.788593] mce: CPU supports 0 MCE banks
[    0.791313] x86: Booted up 1 node, 2 CPUs
[    0.792662] smpboot: Total of 2 processors activated (9977.33 BogoMIPS)
[    0.794859] devtmpfs: initialized
[    0.797630] evm: security.selinux
[    0.798637] evm: security.SMACK64
[    0.799623] evm: security.SMACK64EXEC
[    0.800762] evm: security.SMACK64TRANSMUTE
[    0.801907] evm: security.SMACK64MMAP
[    0.802972] evm: security.ima
[    0.803895] evm: security.capability
[    0.805110] clocksource: jiffies: mask: 0xffffffff max_cycles: 0xffffffff, max_idle_ns: 7645041785100000 ns
[    0.807685] futex hash table entries: 512 (order: 3, 32768 bytes)
[    0.809617] pinctrl core: initialized pinctrl subsystem
[    0.811072] RTC time:  9:10:58, date: 10/18/18
[    0.812489] NET: Registered protocol family 16
[    0.826911] cpuidle: using governor ladder
[    0.838913] cpuidle: using governor menu
[    0.839954] PCCT header not found.
[    0.846958] ACPI: bus type PCI registered
[    0.848108] acpiphp: ACPI Hot Plug PCI Controller Driver version: 0.5
[    0.849723] PCI: Using configuration type 1 for base access
[    0.864129] ACPI: Added _OSI(Module Device)
[    0.865389] ACPI: Added _OSI(Processor Device)
[    0.866581] ACPI: Added _OSI(3.0 _SCP Extensions)
[    0.867856] ACPI: Added _OSI(Processor Aggregator Device)
[    0.873381] ACPI: Executed 1 blocks of module-level executable AML code
[    0.883992] ACPI: Interpreter enabled
[    0.884868] ACPI: (supports S0 S5)
[    0.885681] ACPI: Using IOAPIC for interrupt routing
[    0.886933] PCI: Using host bridge windows from ACPI; if necessary, use "pci=nocrs" and report a bug
[    0.893075] ACPI: PCI Root Bridge [PCI0] (domain 0000 [bus 00-ff])
[    0.894678] acpi PNP0A03:00: _OSC: OS supports [ASPM ClockPM Segments MSI]
[    0.896472] acpi PNP0A03:00: _OSC: not requesting OS control; OS requires [ExtendedConfig ASPM ClockPM MSI]
[    0.898481] acpi PNP0A03:00: fail to add MMCONFIG information, can't access extended PCI configuration space under this bridge.
[    0.901120] PCI host bridge to bus 0000:00
[    0.902032] pci_bus 0000:00: root bus resource [io  0x0000-0x0cf7 window]
[    0.903374] pci_bus 0000:00: root bus resource [io  0x0d00-0xffff window]
[    0.907429] pci_bus 0000:00: root bus resource [mem 0x000a0000-0x000bffff window]
[    0.910588] pci_bus 0000:00: root bus resource [mem 0x40000000-0xfdffffff window]
[    0.912269] pci_bus 0000:00: root bus resource [bus 00-ff]
[    0.921739] pci 0000:00:01.1: legacy IDE quirk: reg 0x10: [io  0x01f0-0x01f7]
[    0.923557] pci 0000:00:01.1: legacy IDE quirk: reg 0x14: [io  0x03f6]
[    0.925507] pci 0000:00:01.1: legacy IDE quirk: reg 0x18: [io  0x0170-0x0177]
[    0.927043] pci 0000:00:01.1: legacy IDE quirk: reg 0x1c: [io  0x0376]
[    0.952519] pci 0000:00:07.0: quirk: [io  0x4000-0x403f] claimed by PIIX4 ACPI
[    0.966632] pci 0000:00:07.0: quirk: [io  0x4100-0x410f] claimed by PIIX4 SMB
[    0.975807] ACPI: PCI Interrupt Link [LNKA] (IRQs 5 9 10 *11)
[    0.978070] ACPI: PCI Interrupt Link [LNKB] (IRQs 5 9 *10 11)
[    0.980331] ACPI: PCI Interrupt Link [LNKC] (IRQs 5 *9 10 11)
[    0.982383] ACPI: PCI Interrupt Link [LNKD] (IRQs 5 9 10 *11)
[    0.984514] ACPI: Enabled 2 GPEs in block 00 to 07
[    0.986576] vgaarb: setting as boot device: PCI:0000:00:02.0
[    0.988216] vgaarb: device added: PCI:0000:00:02.0,decodes=io+mem,owns=io+mem,locks=none
[    0.990590] vgaarb: loaded
[    0.991511] vgaarb: bridge control possible 0000:00:02.0
[    0.993222] SCSI subsystem initialized
[    0.994460] ACPI: bus type USB registered
[    0.995646] usbcore: registered new interface driver usbfs
[    0.997124] usbcore: registered new interface driver hub
[    0.998546] usbcore: registered new device driver usb
[    1.001242] PCI: Using ACPI for IRQ routing
[    1.002801] NetLabel: Initializing
[    1.003832] NetLabel:  domain hash size = 128
[    1.005039] NetLabel:  protocols = UNLABELED CIPSOv4
[    1.006480] NetLabel:  unlabeled traffic allowed by default
[    1.007819] amd_nb: Cannot enumerate AMD northbridges
[    1.009337] clocksource: Switched to clocksource kvm-clock
[    1.019024] AppArmor: AppArmor Filesystem Enabled
[    1.020189] pnp: PnP ACPI init
[    1.021891] pnp: PnP ACPI: found 3 devices
[    1.032920] clocksource: acpi_pm: mask: 0xffffff max_cycles: 0xffffff, max_idle_ns: 2085701024 ns
[    1.035440] NET: Registered protocol family 2
[    1.037072] TCP established hash table entries: 8192 (order: 4, 65536 bytes)
[    1.039079] TCP bind hash table entries: 8192 (order: 5, 131072 bytes)
[    1.040672] TCP: Hash tables configured (establihed 8192 bind 8192)
[    1.066860] UDP hash table entries: 512 (order: 2, 16384 bytes)
[    1.068346] UDP-Lite hash table entries: 512 (order: 2, 16384 bytes)
[    1.069972] NET: Registered protocol family 1
[    1.071150] pci 0000:00:00.0: Limiting direct PCI/PCI transfers
[    1.072646] pci 0000:00:01.0: Activating ISA DMA hang workarounds
[    1.074343] Unpacking initramfs...

[    1.361148] Freeing initrd memory: 14796K
[    1.362296] RAPL PMU detected, API unit is 2^-32 Joules, 3 fixed counters 10737418240 ms ovfl timer
[    1.364214] hw unit of domain pp0-core 2^-0 Joules
[    1.365247] hw unit of domain package 2^-0 Joules
[    1.366298] hw unit of domain pp1-gpu 2^-0 Joules
[    1.367491] platform rtc_cmos: registered platform RTC device (no PNP device found)
[    1.369225] Scanning for low memory corruption every 60 seconds
[    1.370890] audit: initializing netlink subsys (disabled)
[    1.372058] audit: type=2000 audit(1539853863.153:1): initialized
[    1.373624] Initialise system trusted keyring
[    1.374793] HugeTLB registered 2 MB page size, pre-allocated 0 pages
[    1.377687] zbud: loaded
[    1.378833] VFS: Disk quotas dquot_6.6.0
[    1.381094] VFS: Dquot-cache hash table entries: 512 (order 0, 4096 bytes)
[    1.382783] squashfs: version 4.0 (2009/01/31) Phillip Lougher
[    1.384296] fuse init (API version 7.23)
[    1.385346] Key type big_key registered
[    1.386333] Allocating IMA MOK and blacklist keyrings.
[    1.389115] Key type asymmetric registered
[    1.390489] Asymmetric key parser 'x509' registered
[    1.392021] Block layer SCSI generic (bsg) driver version 0.4 loaded (major 249)
[    1.395378] io scheduler noop registered
[    1.396488] io scheduler deadline registered (default)
[    1.397918] io scheduler cfq registered
[    1.399106] pci_hotplug: PCI Hot Plug PCI Core version: 0.5
[    1.400528] pciehp: PCI Express Hot Plug Controller Driver version: 0.4
[    1.402344] ACPI: AC Adapter [AC] (on-line)
[    1.403544] input: Power Button as /devices/LNXSYSTM:00/LNXPWRBN:00/input/input0
[    1.405548] ACPI: Power Button [PWRF]
[    1.406691] input: Sleep Button as /devices/LNXSYSTM:00/LNXSLPBN:00/input/input1
[    1.408715] ACPI: Sleep Button [SLPF]
[    1.411559] GHES: HEST is not enabled!
[    1.412730] Serial: 8250/16550 driver, 32 ports, IRQ sharing enabled
[    1.437158] 00:02: ttyS0 at I/O 0x3f8 (irq = 4, base_baud = 115200) is a 16550A
[    1.440518] Linux agpgart interface v0.103
[    1.443494] loop: module loaded
[    1.445138] scsi host0: ata_piix
[    1.446303] scsi host1: ata_piix
[    1.447349] ata1: PATA max UDMA/33 cmd 0x1f0 ctl 0x3f6 bmdma 0xd000 irq 14
[    1.449119] ata2: PATA max UDMA/33 cmd 0x170 ctl 0x376 bmdma 0xd008 irq 15
[    1.451682] libphy: Fixed MDIO Bus: probed
[    1.458873] tun: Universal TUN/TAP device driver, 1.6
[    1.460453] tun: (C) 1999-2004 Max Krasnyansky <maxk@qualcomm.com>
[    1.469011] PPP generic driver version 2.4.2
[    1.470813] ehci_hcd: USB 2.0 'Enhanced' Host Controller (EHCI) Driver
[    1.473049] ehci-pci: EHCI PCI platform driver
[    1.474325] ehci-platform: EHCI generic platform driver
[    1.475768] ohci_hcd: USB 1.1 'Open' Host Controller (OHCI) Driver
[    1.483822] ohci-pci: OHCI PCI platform driver
[    1.485277] ohci-platform: OHCI generic platform driver
[    1.492795] uhci_hcd: USB Universal Host Controller Interface driver
[    1.494595] i8042: PNP: PS/2 Controller [PNP0303:PS2K,PNP0f03:PS2M] at 0x60,0x64 irq 1,12
[    1.496942] serio: i8042 KBD port at 0x60,0x64 irq 1
[    1.498163] serio: i8042 AUX port at 0x60,0x64 irq 12
[    1.499660] mousedev: PS/2 mouse device common for all mice
[    1.501771] rtc_cmos rtc_cmos: rtc core: registered rtc_cmos as rtc0
[    1.503179] input: AT Translated Set 2 keyboard as /devices/platform/i8042/serio0/input/input2
[    1.505208] rtc_cmos rtc_cmos: alarms up to one day, 114 bytes nvram
[    1.506790] i2c /dev entries driver
[    1.507912] device-mapper: uevent: version 1.0.3
[    1.509249] device-mapper: ioctl: 4.34.0-ioctl (2015-10-28) initialised: dm-devel@redhat.com
[    1.511198] ledtrig-cpu: registered to indicate activity on CPUs
[    1.512921] NET: Registered protocol family 10
[    1.514160] NET: Registered protocol family 17
[    1.515174] Key type dns_resolver registered
[    1.516399] registered taskstats version 1
[    1.517357] Loading compiled-in X.509 certificates
[    1.519535] Loaded X.509 cert 'Build time autogenerated kernel key: b7189ebc996fd79c52efc1226b6676b25e4f6a2d'
[    1.521911] zswap: loaded using pool lzo/zbud
[    1.525794] Key type trusted registered
[    1.531527] Key type encrypted registered
[    1.532833] AppArmor: AppArmor sha1 policy hashing enabled
[    1.534459] ima: No TPM chip found, activating TPM-bypass!
[    1.535920] ima: Allocated hash algorithm: sha1
[    1.536951] evm: HMAC attrs: 0x1
[    1.538144]   Magic number: 6:945:171
[    1.539108] rtc_cmos rtc_cmos: setting system clock to 2018-10-18 09:10:59 UTC (1539853859)
[    1.541063] BIOS EDD facility v0.16 2004-Jun-25, 0 devices found
[    1.542335] EDD information not available.
[    1.606934] Freeing unused kernel memory: 1516K
[    1.608437] Write protecting the kernel read-only data: 14336k
[    1.616254] Freeing unused kernel memory: 1672K
[    1.618529] Freeing unused kernel memory: 92K
Loading, please wait...
starting version 229
[    1.689900] random: systemd-udevd: uninitialized urandom read (16 bytes read, 2 bits of entropy available)
[    1.690521] random: udevadm: uninitialized urandom read (16 bytes read, 2 bits of entropy available)
[    1.690568] random: udevadm: uninitialized urandom read (16 bytes read, 2 bits of entropy available)
[    1.703590] random: systemd-udevd: uninitialized urandom read (16 bytes read, 2 bits of entropy available)
[    1.708229] random: systemd-udevd: uninitialized urandom read (16 bytes read, 2 bits of entropy available)
[    1.712817] random: systemd-udevd: uninitialized urandom read (16 bytes read, 2 bits of entropy available)
[    1.716216] random: udevadm: uninitialized urandom read (16 bytes read, 2 bits of entropy available)
[    1.716309] random: udevadm: uninitialized urandom read (16 bytes read, 2 bits of entropy available)
[    1.716677] random: udevadm: uninitialized urandom read (16 bytes read, 2 bits of entropy available)
[    1.716812] random: udevadm: uninitialized urandom read (16 bytes read, 2 bits of entropy available)
[    1.802101] e1000: Intel(R) PRO/1000 Network Driver - version 7.3.21-k8-NAPI
[    1.803895] e1000: Copyright (c) 1999-2006 Intel Corporation.
[    1.806410] Fusion MPT base driver 3.04.20
[    1.807780] Copyright (c) 1999-2008 LSI Corporation
[    1.816236] Fusion MPT SPI Host driver 3.04.20
[    1.869941] AVX version of gcm_enc/dec engaged.
[    1.871447] AES CTR mode by8 optimization enabled
[    2.052956] input: ImExPS/2 Generic Explorer Mouse as /devices/platform/i8042/serio1/input/input4
[    2.214994] e1000 0000:00:03.0 eth0: (PCI:33MHz:32-bit) 02:fb:a8:4c:29:d0
[    2.216900] e1000 0000:00:03.0 eth0: Intel(R) PRO/1000 Network Connection
[    2.221355] e1000 0000:00:03.0 enp0s3: renamed from eth0
[    2.222615] mptbase: ioc0: Initiating bringup
[    2.297797] ioc0: LSI53C1030 A0: Capabilities={Initiator}
[    2.366646] tsc: Refined TSC clocksource calibration: 2496.135 MHz
[    2.369188] clocksource: tsc: mask: 0xffffffffffffffff max_cycles: 0x23faf6db6cd, max_idle_ns: 440795264528 ns
[    2.549000] scsi host2: ioc0: LSI53C1030 A0, FwRev=00000000h, Ports=1, MaxQ=256, IRQ=20
[    2.688071] scsi 2:0:0:0: Direct-Access     VBOX     HARDDISK         1.0  PQ: 0 ANSI: 5
[    2.690364] scsi target2:0:0: Beginning Domain Validation
[    2.693144] scsi target2:0:0: Domain Validation skipping write tests
[    2.694923] scsi target2:0:0: Ending Domain Validation
[    2.696516] scsi target2:0:0: asynchronous
[    2.698303] scsi 2:0:1:0: Direct-Access     VBOX     HARDDISK         1.0  PQ: 0 ANSI: 5
[    2.700800] scsi target2:0:1: Beginning Domain Validation
[    2.713323] scsi target2:0:1: Domain Validation skipping write tests
[    2.714636] scsi target2:0:1: Ending Domain Validation
[    2.715755] scsi target2:0:1: asynchronous
[    2.722893] sd 2:0:0:0: [sda] 20971520 512-byte logical blocks: (10.7 GB/10.0 GiB)
[    2.723410] sd 2:0:0:0: Attached scsi generic sg0 type 0
[    2.726020] sd 2:0:1:0: Attached scsi generic sg1 type 0
[    2.726683] sd 2:0:1:0: [sdb] 20480 512-byte logical blocks: (10.5 MB/10.0 MiB)
[    2.726845] sd 2:0:1:0: [sdb] Write Protect is off
[    2.726953] sd 2:0:1:0: [sdb] Incomplete mode parameter data
[    2.726954] sd 2:0:1:0: [sdb] Assuming drive cache: write through
[    2.731143] sd 2:0:1:0: [sdb] Attached SCSI disk
[    2.745264] sd 2:0:0:0: [sda] Write Protect is off
[    2.748725] sd 2:0:0:0: [sda] Incomplete mode parameter data
[    2.750436] sd 2:0:0:0: [sda] Assuming drive cache: write through
[    2.753586]  sda: sda1
[    2.755087] sd 2:0:0:0: [sda] Attached SCSI disk
Begin: Loading essential drivers ... [    4.186952] md: linear personality registered for level -1
[    4.193030] md: multipath personality registered for level -4
[    4.198852] md: raid0 personality registered for level 0
[    4.204384] md: raid1 personality registered for level 1
[    4.277378] raid6: sse2x1   gen()  7026 MB/s
[    4.345351] raid6: sse2x1   xor()  5404 MB/s
[    4.413369] raid6: sse2x2   gen()  9358 MB/s
[    4.481375] raid6: sse2x2   xor()  6522 MB/s
[    4.549381] raid6: sse2x4   gen() 10440 MB/s
[    4.617430] raid6: sse2x4   xor()  6611 MB/s
[    4.618838] raid6: using algorithm sse2x4 gen() 10440 MB/s
[    4.620581] raid6: .... xor() 6611 MB/s, rmw enabled
[    4.632171] raid6: using ssse3x2 recovery algorithm
[    4.636201] xor: automatically using best checksumming function:
[    4.677428]    avx       : 13806.000 MB/sec
[    4.680598] async_tx: api initialized (async)
[    4.690922] md: raid6 personality registered for level 6
[    4.692647] md: raid5 personality registered for level 5
[    4.694336] md: raid4 personality registered for level 4
[    4.702776] md: raid10 personality registered for level 10
done.
Begin: Running /scripts/init-premount ... done.
Begin: Mounting root file system ... Begin: Running /scripts/local-top ... done.
Begin: Running /scripts/local-premount ... [    4.746502] Btrfs loaded
Scanning for Btrfs filesystems
done.
Warning: fsck not present, so skipping root file system
[    4.784443] EXT4-fs (sda1): mounted filesystem with ordered data mode. Opts: (null)
done.
Begin: Running /scripts/local-bottom ... done.
Begin: Running /scripts/init-bottom ... done.
[    4.912939] systemd[1]: systemd 229 running in system mode. (+PAM +AUDIT +SELINUX +IMA +APPARMOR +SMACK +SYSVINIT +UTMP +LIBCRYPTSETUP +GCRYPT +GNUTLS +ACL +XZ -LZ4 +SECCOMP +BLKID +ELFUTILS +KMOD -IDN)
[    4.916787] systemd[1]: Detected virtualization oracle.
[    4.917978] systemd[1]: Detected architecture x86-64.

Welcome to [1mUbuntu 16.04.5 LTS[0m!

[    4.922434] systemd[1]: Set hostname to <ubuntu>.
[    4.926620] systemd[1]: Initializing machine ID from random generator.
[    4.928191] systemd[1]: Installed transient /etc/machine-id file.
[    5.093611] systemd[1]: Listening on Journal Audit Socket.
[[0;32m  OK  [0m] Listening on Journal Audit Socket.
[    5.096236] systemd[1]: Started Trigger resolvconf update for networkd DNS.
[[0;32m  OK  [0m] Started Trigger resolvconf update for networkd DNS.
[    5.099579] systemd[1]: Listening on Journal Socket (/dev/log).
[[0;32m  OK  [0m] Listening on Journal Socket (/dev/log).
[    5.102504] systemd[1]: Listening on LVM2 metadata daemon socket.
[[0;32m  OK  [0m] Listening on LVM2 metadata daemon socket.
[    5.105048] systemd[1]: Listening on Syslog Socket.
[[0;32m  OK  [0m] Listening on Syslog Socket.
[    5.107240] systemd[1]: Reached target Encrypted Volumes.
[[0;32m  OK  [0m] Reached target Encrypted Volumes.
[    5.109620] systemd[1]: Listening on Device-mapper event daemon FIFOs.
[[0;32m  OK  [0m] Listening on Device-mapper event daemon FIFOs.
[    5.112387] systemd[1]: Reached target User and Group Name Lookups.
[[0;32m  OK  [0m] Reached target User and Group Name Lookups.
[    5.115222] systemd[1]: Listening on Journal Socket.
[[0;32m  OK  [0m] Listening on Journal Socket.
[    5.125669] systemd[1]: Listening on udev Control Socket.
[[0;32m  OK  [0m] Listening on udev Control Socket.
[    5.128538] systemd[1]: Listening on /dev/initctl Compatibility Named Pipe.
[[0;32m  OK  [0m] Listening on /dev/initctl Compatibility Named Pipe.
[    5.134022] systemd[1]: Started Forward Password Requests to Wall Directory Watch.
[[0;32m  OK  [0m] Started Forward Password Requests to Wall Directory Watch.
[    5.177819] systemd[1]: Created slice User and Session Slice.
[[0;32m  OK  [0m] Created slice User and Session Slice.
[    5.181345] systemd[1]: Set up automount Arbitrary Executable File Formats File System Automount Point.
[[0;32m  OK  [0m] Set up automount Arbitrary Executab...ats File System Automount Point.
[    5.211561] systemd[1]: Reached target Swap.
[[0;32m  OK  [0m] Reached target Swap.
[    5.213981] systemd[1]: Listening on LVM2 poll daemon socket.
[[0;32m  OK  [0m] Listening on LVM2 poll daemon socket.
[    5.238113] systemd[1]: Created slice System Slice.
[[0;32m  OK  [0m] Created slice System Slice.
[    5.281615] systemd[1]: Mounting Debug File System...
         Mounting Debug File System...
[    5.321734] systemd[1]: Starting Uncomplicated firewall...
         Starting Uncomplicated firewall...
[    5.365664] systemd[1]: Starting Monitoring of LVM2 mirrors, snapshots etc. using dmeventd or progress polling...
         Starting Monitoring of LVM2 mirrors... dmeventd or progress polling...
[    5.405654] systemd[1]: Starting Load Kernel Modules...
         Starting Load Kernel Modules...
[    5.412080] systemd[1]: Mounting Huge Pages File System...
[    5.431530] Loading iSCSI transport class v2.0-870.
         Mounting Huge Pages File System...
[    5.442613] iscsi: registered transport (tcp)
[    5.442842] systemd[1]: Starting Nameserver information manager...
         Starting Nameserver information manager...
[    5.447172] systemd[1]: Reached target Slices.
[[0;32m  OK  [0m] Reached target Slices.
[    5.450517] systemd[1]: Created slice system-serial\x2dgetty.slice.
[[0;32m  OK  [0m] Created slice system-serial\x2dgetty.slice.
[    5.456620] systemd[1]: Starting Journal Service...
         Starting Journal Service...
[    5.464092] systemd[1]: Starting Set console keymap...
         Starting Set console keymap...
[    5.468453] systemd[1]: Listening on udev Kernel Socket.
[[0;32m  OK  [0m] Listening on udev Kernel Socket.
[    5.472940] systemd[1]: Starting Remount Root and Kernel File Systems...
         Starting Remount Root and Kernel File Systems...
[    5.483854] systemd[1]: Starting Create list of required static device nodes for the current kernel...
         Starting Create list of required st... nodes for the current kernel...
[    5.494838] systemd[1]: Reached target System Time Synchronized.
[    5.498191] EXT4-fs (sda1): re-mounted. Opts: (null)
[[0;32m  OK  [0m] Reached target System Time Synchronized.
[    5.521587] systemd[1]: Mounting POSIX Message Queue File System...
[    5.524895] iscsi: registered transport (iser)
         Mounting POSIX Message Queue File System...
[    5.530244] systemd[1]: Mounted Debug File System.
[[0;32m  OK  [0m] Mounted Debug File System.
[    5.532961] systemd[1]: Mounted Huge Pages File System.
[[0;32m  OK  [0m] Mounted Huge Pages File System.
[    5.544033] systemd[1]: Mounted POSIX Message Queue File System.
[[0;32m  OK  [0m] Mounted POSIX Message Queue File System.
[    5.548845] systemd[1]: Started Journal Service.
[[0;32m  OK  [0m] Started Journal Service.
[[0;32m  OK  [0m] Started Uncomplicated firewall.
[[0;32m  OK  [0m] Started Load Kernel Modules.
[[0;32m  OK  [0m] Started Set console keymap.
[[0;32m  OK  [0m] Started Remount Root and Kernel File Systems.
[[0;32m  OK  [0m] Started Create list of required sta...ce nodes for the current kernel.
[[0;32m  OK  [0m] Started Nameserver information manager.
[[0;32m  OK  [0m] Started LVM2 metadata daemon.
         Starting Create Static Device Nodes in /dev...
         Starting Load/Save Random Seed...
         Starting udev Coldplug all Devices...
         Mounting FUSE Control File System...
         Starting Apply Kernel Variables...
         Starting Flush Journal to Persistent Storage...
[[0;32m  OK  [0m] Mounted FUSE Control File System.
[[0;32m  OK  [0m] Started Create Static Device Nodes in /dev.
[[0;32m  OK  [0m] Started Load/Save Random Seed.
[[0;32m  OK  [0m] Started Apply Kernel Variables.
[[0;32m  OK  [0m] Started Monitoring of LVM2 mirrors,...ng dmeventd or progress polling.
[[0;32m  OK  [0m] Started udev Coldplug all Devices.
[[0;32m  OK  [0m] Started Flush Journal to Persistent Storage.
         Starting udev Kernel Device Manager...
[[0;32m  OK  [0m] Started udev Kernel Device Manager.
[[0;32m  OK  [0m] Reached target Local File Systems (Pre).
[[0;32m  OK  [0m] Reached target Local File Systems.
         Starting LSB: AppArmor initialization...
         Starting Create Volatile Files and Directories...
         Starting Tell Plymouth To Write Out Runtime Data...
         Starting Set console font and keymap...
         Starting Initial cloud-init job (pre-networking)...
         Starting Commit a transient machine-id on disk...
[[0;32m  OK  [0m] Started Dispatch Password Requests to Console Directory Watch.
[[0;32m  OK  [0m] Started Create Volatile Files and Directories.
[[0;32m  OK  [0m] Started Tell Plymouth To Write Out Runtime Data.
[[0;32m  OK  [0m] Started Commit a transient machine-id on disk.
         Starting Update UTMP about System Boot/Shutdown...
[[0;32m  OK  [0m] Started Update UTMP about System Boot/Shutdown.
[[0;32m  OK  [0m] Found device /dev/ttyS0.
[[0;32m  OK  [0m] Listening on Load/Save RF Kill Switch Status /dev/rfkill Watch.
[[0;32m  OK  [0m] Started LSB: AppArmor initialization.
[    7.349033] cloud-init[500]: Cloud-init v. 18.3-9-g2e62cb8a-0ubuntu1~16.04.2 running 'init-local' at Thu, 18 Oct 2018 09:11:05 +0000. Up 6.73 seconds.
[[0;32m  OK  [0m] Started Initial cloud-init job (pre-networking).
[[0;32m  OK  [0m] Started Set console font and keymap.
[[0;32m  OK  [0m] Created slice system-getty.slice.
[[0;32m  OK  [0m] Reached target Network (Pre).
         Starting Raise network interfaces...
[[0;32m  OK  [0m] Started Raise network interfaces.
[[0;32m  OK  [0m] Reached target Network.
         Starting Initial cloud-init job (metadata service crawler)...
[    8.984557] cloud-init[934]: Cloud-init v. 18.3-9-g2e62cb8a-0ubuntu1~16.04.2 running 'init' at Thu, 18 Oct 2018 09:11:06 +0000. Up 8.30 seconds.
[    8.988310] cloud-init[934]: ci-info: ++++++++++++++++++++++++++++++++++++++Net device info++++++++++++++++++++++++++++++++++++++
[    8.992473] cloud-init[934]: ci-info: +--------+------+----------------------------+---------------+--------+-------------------+
[    9.000587] cloud-init[934]: ci-info: | Device |  Up  |          Address           |      Mask     | Scope  |     Hw-Address    |
[    9.003249] cloud-init[934]: ci-info: +--------+------+----------------------------+---------------+--------+-------------------+
[    9.010448] cloud-init[934]: ci-info: | enp0s3 | True |         10.0.2.15          | 255.255.255.0 | global | 02:fb:a8:4c:29:d0 |
[    9.017027] cloud-init[934]: ci-info: | enp0s3 | True | fe80::fb:a8ff:fe4c:29d0/64 |       .       |  link  | 02:fb:a8:4c:29:d0 |
[    9.020525] cloud-init[934]: ci-info: |   lo   | True |         127.0.0.1          |   255.0.0.0   |  host  |         .         |
[    9.028604] cloud-init[934]: ci-info: |   lo   | True |          ::1/128           |       .       |  host  |         .         |
[    9.032579] cloud-init[934]: ci-info: +--------+------+----------------------------+---------------+--------+-------------------+
[    9.040601] cloud-init[934]: ci-info: +++++++++++++++++++++++++++Route IPv4 info++++++++++++++++++++++++++++
[    9.044697] cloud-init[934]: ci-info: +-------+-------------+----------+---------------+-----------+-------+
[    9.091106] cloud-init[934]: ci-info: | Route | Destination | Gateway  |    Genmask    | Interface | Flags |
[[0;32m  OK  [0m] Started Initial cloud-init job (metadata service crawler).
[[0;32m  OK  [0m] Reached target Network is Online.
[    9.093630] cloud-init[934]: ci-info: +-------+-------------+----------+---------------+-----------+-------+
[    9.098512] cloud-init[934]: ci-info: |   0   |   0.0.0.0   | 10.0.2.2 |    0.0.0.0    |   enp0s3  |   UG  |
[    9.111807]          cloud-initStarting iSCSI initiator daemon (iscsid)...[934]: 
ci-info: |   1   |   10.0.2.0  | 0.0.0.0  | 255.255.255.0 |   enp0s3  |   U   |
[    9.130184] [[0;32m  OK  [0m] Reached target Cloud-config availability.
[[0;32m  OK  [0m] Reached target System Initialization.
cloud-init[934]: ci-info: +-------+-------------+----------+---------------+-----------+-------+[[0;32m  OK  [0m] Started ACPI Events Check.
[[0;32m  OK  [0m] Reached target Paths.
         Starting Socket activation for snappy daemon.

[    9.138338]          Starting LXD - unix socket.
[[0;32m  OK  [0m] Listening on ACPID Listen Socket.
[[0;32m  OK  [0m] Listening on D-Bus System Message Bus Socket.
[[0;32m  OK  [0m] Started Daily apt download activities.
[[0;32m  OK  [0m] Started Daily apt upgrade and clean activities.
[[0;32m  OK  [0m] Started Daily Cleanup of Temporary Directories.
[[0;32m  OK  [0m] Reached target Timers.
[[0;32m  OK  [0m] Listening on UUID daemon activation socket.
cloud-init[934]: ci-info: +++++++++++++++++++Route IPv6 info+++++++++++++++++++
[    9.168581] [[0;32m  OK  [0m] Listening on Socket activation for snappy daemon.
[[0;32m  OK  [0m] Listening on LXD - unix socket.
[[0;32m  OK  [0m] Started iSCSI initiator daemon (iscsid).
cloud-init[934]: ci-info: +-------+-------------+---------+-----------+-------+
[    9.181026] cloud-init[934]: ci-info: | Route | Destination | Gateway | Interface | Flags |
[    9.183933] cloud-init[934]: ci-info: +-------+-------------+---------+-----------+-------+
[    9.190454] cloud-init[934]: ci-info: |   0   |  fe80::/64  |    ::   |   enp0s3  |   U   |
[    9.193364] cloud-init[934]: ci-info: |   3   |   ff00::/8  |    ::   |   enp0s3  |   U   |
[    9.196061]          cloud-initStarting Login to default iSCSI targets...[934]: 
ci-info: +-------+-------------+---------+-----------+-------+
[[0;32m  OK  [0m] Reached target Sockets.
[    9.214068] [[0;32m  OK  [0m] Reached target Basic System.
cloud-init[934]: [[0;32m  OK  [0m] Started FUSE filesystem for LXC.
[[0;32m  OK  [0m] Started Unattended Upgrades Shutdown.
Generating public/private rsa key pair.         Starting Pollinate to seed the pseudo random number generator...
         Starting LXD - container startup/shutdown...
[[0;32m  OK  [0m] Started Deferred execution scheduler.

         Starting Snappy daemon...
[    9.230282] cloud-init[[0;32m  OK  [0m] Started D-Bus System Message Bus.
[934]: Your identification has been saved in /etc/ssh/ssh_host_rsa_key.
[    9.252972] cloud-init[934]: Your public key has been saved in /etc/ssh/ssh_host_rsa_key.pub.
[    9.319411] cloud-init[934]: The key fingerprint is:
[    9.344619] [[0;32m  OK  [0m] Started ACPI event daemon.
cloud-init[934]: SHA256:iANklVYIeEAAN3TIw3XwDTeFwo/duy8/bfhY/EGOpVg root@ubuntu-xenial         Starting LSB: Record successful boot for GRUB...
         Starting Login Service...
         Starting /etc/rc.local Compatibility...

         Starting System Logging Service...
[    9.365288]          Starting LSB: MD monitoring daemon...
cloud-init[934]: The key's randomart image is:         Starting Accounts Service...

[[0;32m  OK  [0m] Started Regular background program processing daemon.
         Starting Virtualbox guest utils...
[[0;32m  OK  [0m] Started /etc/rc.local Compatibility.
[    9.377278] cloud-init[934]: +---[RSA 2048]----+
[    9.423839] cloud-init[934]: |BBB==*+ oo.      |
[    9.426536] cloud-init[934]: |.+*o+oo+..       |
[    9.429976] cloud-init[934]: | ..o  .=..       |
[    9.432091] cloud-init[934]: |   . ...o .      |
[    9.434060] cloud-init[934]: |    o . S  . E o |
[    9.435958] cloud-init[934]: |     .    . o.*  |
[    9.438294] cloud-init[934]: |           o =oo |
[    9.440481] cloud-init[934]: |          o ooo..|
[    9.444795] cloud-init[934]: |           +++. .|
[    9.461910] cloud-init[934]: +----[SHA256]-----+
[    9.462370] cloud-init[934]: Generating public/private dsa key pair.
[    9.462618] cloud-init[934]: Your identification has been saved in /etc/ssh/ssh_host_dsa_key.
[    9.462851] cloud-init[934]: Your public key has been saved in /etc/ssh/ssh_host_dsa_key.pub.
[    9.463063] cloud-init[934]: The key fingerprint is:
[    9.463275] cloud-init[934]: SHA256:k6ISUM9W6HuJXodPoHTLn7roVpm5Su32M8B+4QcbuFM root@ubuntu-xenial
[    9.463500] cloud-init[934]: The key's randomart image is:
[    9.463720] cloud-init[934]: +---[DSA 1024]----+
[    9.463948] cloud-init[934]: |  .  ..          |
[[0;32m  OK  [0m] Started System Logging Service.
[    9.464933] cloud-init[934]: | . o..           |[[0;32m  OK  [0m] Started LXD - container startup/shutdown.

[[0;32m  OK  [0m] Started Login to default iSCSI targets.
[    9.501228] cloud-init[934]: |.  .+            |
[    9.508605] cloud-init[934]: | . .o o  .       |
[    9.521926] cloud-init[934]: |  .. B.XS        |
[    9.527434] cloud-init[934]: |   .+o/.E.       |
[    9.533750] cloud-init[934]: |  ..o=.@ *       |
[    9.547603] cloud-init[934]: |   ooo* X .      |
[    9.553410] cloud-init[934]: |   o+o+*.+       |
[[0;32m  OK  [0m] Started Login Service.
[    9.577696] cloud-init[934]: +----[SHA256]-----+
[    9.589979] cloud-init[934]: Generating public/private ecdsa key pair.
[    9.591714] cloud-init[934]: Your identification has been saved in /etc/ssh/ssh_host_ecdsa_key.
[    9.593996] cloud-init[934]: Your public key has been saved in /etc/ssh/ssh_host_ecdsa_key.pub.
[    9.596104] cloud-init[934]: The key fingerprint is:
[    9.599490] cloud-init[934]: SHA256:MX3qJze9R3TyqeuDuRl2viVqR/Gb1cE1OyrRhqecNrM root@ubuntu-xenial
         Starting Authenticate and Authorize Users to Run Privileged Tasks...
[[0;32m  OK  [0m] Reached target Remote File Systems (Pre).
[[0;32m  OK  [0m] Reached target Remote File Systems.
[    9.609110] cloud-init[934]: The key's randomart image is:
         Starting LSB: automatic crash report generation...
         Starting Permit User Sessions...
         Starting LSB: daemon to balance interrupts for SMP systems...
         Starting LSB: Set the CPU Frequency Scaling governor to "ondemand"...
[    9.625271] cloud-init[934]: +---[ECDSA 256]---+
[    9.639537] cloud-init[934]: |                 |
[[0;32m  OK  [0m] Started LSB: Record successful boot for GRUB.
[[0;32m  OK  [0m] Started LSB: MD monitoring daemon.
[[0;32m  OK  [0m] Started Permit User Sessions.
[[0;32m  OK  [0m] Started Authenticate and Authorize Users to Run Privileged Tasks.
[    9.680467] cloud-init[934]: |         .     ..|
[[0;32m  OK  [0m] Started Accounts Service.
[    9.695872] cloud-init[934]: |        o . + . +|
[[0;32m  OK  [0m] Started Snappy daemon.
[[0;32m  OK  [0m] Started Virtualbox guest utils.
[    9.715520] cloud-init[934]: |         o = =.=o|
[    9.725406] cloud-init[934]: |        S o * ++*|
[    9.731954] cloud-init[934]: |         . O + o=|
[    9.734828] cloud-init[934]: |          +o%ooo+|
[    9.736865] cloud-init         Starting Wait until snapd is fully seeded...
         Starting Hold until boot process finishes up...
         Starting Terminate Plymouth Boot Screen...
[[0;32m  OK  [0m] Started Hold until boot process finishes up.
[[0;32m  OK  [0m] Started LSB: Set the CPU Frequency Scaling governor to "ondemand".
[[0;32m  OK  [0m] Started Terminate Plymouth Boot Screen.
[934]: |          .E*=o+.|
[    9.789823] cloud-init[934]: |          .++==. |
[    9.796368] cloud-init[934]: +----[SHA256]-----+
[    9.798045] cloud-init[934]: Generating public/private ed25519 key pair.
[    9.800150] cloud-init[934]: Your identification has been saved in /etc/ssh/ssh_host_ed25519_key.
         Starting Set console scheme...
[[0;32m  OK  [0m] Started Serial Getty on ttyS0.
[[0;32m  OK  [0m] Started Getty on tty1.
[[0;32m  OK  [0m] Reached target Login Prompts.
[    9.803546] [[0;32m  OK  [0m] Started LSB: automatic crash report generation.
[[0;32m  OK  [0m] Started LSB: daemon to balance interrupts for SMP systems.
cloud-init[934]: Your public key has been saved in /etc/ssh/ssh_host_ed25519_key.pub.
[    9.823159] cloud-init[934]: The key fingerprint is:
[    9.825015] cloud-init[934]: SHA256:b6eaCag9IIpGou1U34uHuUs2KmjLRrgY4rps7h6Yv5w root@ubuntu-xenial
[[0;32m  OK  [0m] Started Set console scheme.
[    9.830687] cloud-init[934]: The key's randomart image is:
[    9.836615] cloud-init[934]: +--[ED25519 256]--+
[    9.850070] cloud-init[934]: |                 |
[    9.851613] cloud-init[934]: |                 |
[    9.854123] cloud-init[934]: |                 |
[    9.855375] cloud-init[934]: |                 |
[    9.856706] cloud-init[934]: |.   .   S        |
[    9.857976] cloud-init[934]: |B+.. o . .       |
[    9.859210] cloud-init[934]: |&B... *o. o .    |
[    9.860517] cloud-init[934]: |XX++.+o+.= o     |
[    9.862506] cloud-init[934]: |%XEoo.++=..      |
[    9.863864] cloud-init[934]: +----[SHA256]-----+
[[0;32m  OK  [0m] Started Pollinate to seed the pseudo random number generator.
         Starting OpenBSD Secure Shell server...
[[0;32m  OK  [0m] Started OpenBSD Secure Shell server.
[[0;32m  OK  [0m] Created slice User Slice of vagrant.
         Starting User Manager for UID 1000...
[[0;32m  OK  [0m] Started Wait until snapd is fully seeded.
[[0;32m  OK  [0m] Started Session 1 of user vagrant.
[[0;32m  OK  [0m] Reached target Multi-User System.
[[0;32m  OK  [0m] Reached target Graphical Interface.
         Starting Update UTMP about System Runlevel Changes...
         Starting Apply the settings specified in cloud-config...
[[0;32m  OK  [0m] Started User Manager for UID 1000.
[[0;32m  OK  [0m] Started Update UTMP about System Runlevel Changes.
[   14.242001] cloud-init[1283]: Generating locales (this might take a while)...
[   15.605551] cloud-init[1283]:   en_US.UTF-8... done
[   15.607897] cloud-init[1283]: Generation complete.

Ubuntu 16.04.5 LTS ubuntu-xenial ttyS0

ubuntu-xenial login: [   16.108551] cloud-init[1283]: Cloud-init v. 18.3-9-g2e62cb8a-0ubuntu1~16.04.2 running 'modules:config' at Thu, 18 Oct 2018 09:11:12 +0000. Up 13.94 seconds.
ci-info: no authorized ssh keys fingerprints found for user ubuntu.
<14>Oct 18 09:11:15 ec2: 
<14>Oct 18 09:11:15 ec2: #############################################################
<14>Oct 18 09:11:15 ec2: -----BEGIN SSH HOST KEY FINGERPRINTS-----
<14>Oct 18 09:11:15 ec2: 1024 SHA256:k6ISUM9W6HuJXodPoHTLn7roVpm5Su32M8B+4QcbuFM root@ubuntu-xenial (DSA)
<14>Oct 18 09:11:15 ec2: 256 SHA256:MX3qJze9R3TyqeuDuRl2viVqR/Gb1cE1OyrRhqecNrM root@ubuntu-xenial (ECDSA)
<14>Oct 18 09:11:15 ec2: 256 SHA256:b6eaCag9IIpGou1U34uHuUs2KmjLRrgY4rps7h6Yv5w root@ubuntu-xenial (ED25519)
<14>Oct 18 09:11:15 ec2: 2048 SHA256:iANklVYIeEAAN3TIw3XwDTeFwo/duy8/bfhY/EGOpVg root@ubuntu-xenial (RSA)
<14>Oct 18 09:11:15 ec2: -----END SSH HOST KEY FINGERPRINTS-----
<14>Oct 18 09:11:15 ec2: #############################################################
-----BEGIN SSH HOST KEY KEYS-----
ecdsa-sha2-nistp256 AAAAE2VjZHNhLXNoYTItbmlzdHAyNTYAAAAIbmlzdHAyNTYAAABBBOQwIQZsdTCLPJbItfM5ZVz9YTlYVWvcruOn2ezIaCMryv2hZyk1w6N5iK8YgJfvHrxfn0WAQGTi59bp2BQpPM4= root@ubuntu-xenial
ssh-ed25519 AAAAC3NzaC1lZDI1NTE5AAAAIBswMQCNkFpMtNhi/TCisDRAPOb/8zIBfVB+pa4KMc9C root@ubuntu-xenial
ssh-rsa AAAAB3NzaC1yc2EAAAADAQABAAABAQCcBgi6vNs9O9M5ig4EZK2aHP7ctrSNxIVGt/bsKx1CxVdJz0vVWsGH+rve1tyM0KXfdLkaao5SDMnF4S3rdQU1ibCpa2cC017PjXLI6Y9rroWh1TOd03DjqUoIs+BKFv4PrOJj7ESD12boDUoE6t3xjaEQhaChos/P5Ymc9l7DMC+c64PfUPwtL+u0TA+NhIJ2CnKAsypT7+G+w5mJwL+yUPmMKB+LQsgZEE1LUHSnOggYKbRU+6D8NEMYsxVl8Q1UP77ulT4uUl72d/gt4XllXIK/VVNQKVx2/idWfWekbDHGaavffb45Gwiq7bqXrR/BrjdAGd8HLpH/kTJzMN3P root@ubuntu-xenial
-----END SSH HOST KEY KEYS-----
[   17.064414] cloud-init[1484]: Cloud-init v. 18.3-9-g2e62cb8a-0ubuntu1~16.04.2 running 'modules:final' at Thu, 18 Oct 2018 09:11:15 +0000. Up 16.63 seconds.
[   17.067718] cloud-init[1484]: ci-info: no authorized ssh keys fingerprints found for user ubuntu.
[   17.070395] cloud-init[1484]: Cloud-init v. 18.3-9-g2e62cb8a-0ubuntu1~16.04.2 finished at Thu, 18 Oct 2018 09:11:15 +0000. Datasource DataSourceNoCloud [seed=/dev/sdb][dsmode=net].  Up 17.03 seconds
