[    0.000000] Initializing cgroup subsys cpuset
[    0.000000] Initializing cgroup subsys cpu
[    0.000000] Initializing cgroup subsys cpuacct
[    0.000000] Linux version 4.4.0-137-generic (buildd@lgw01-amd64-037) (gcc version 5.4.0 20160609 (Ubuntu 5.4.0-6ubuntu1~16.04.10) ) #163-Ubuntu SMP Mon Sep 24 13:14:43 UTC 2018 (Ubuntu 4.4.0-137.163-generic 4.4.144)
[   0.000000] Command line: BOOT_IMAGE=/boot/vmlinuz-4.4.0-137-generic root=UUID=1944b013-04db-427d-b9cb-2e000828c5db ro console=tty1 console=ttyS0
[   0.000000] KERNEL suported cpus:
[    0.000000]   Intel GenuineIntel
[    0.000000]   AMD AuthenticAMD
[    0.000000]   Centaur CentaurHauls
[    0.000000] x86/fpu: xstate_offset[2]:  576, xstate_sizes[2]:  256
[    0.000000] x86/fpu: Supporting XSAVE feature 0x01: 'x87 floating point registers'
[    0.000000] x86/fpu: Supporting XSAVE feature 0x02: 'SSE registers'
[    0.000000] x86/fpu: Supporting XSAVE feature 0x04: 'AVX registers'
[    0.000000] x86/fpu: Enabled xstate features 0x7, context size is 832 bytes, using 'standard' format.
[    0.000000] e820: BIOS-provided physical RAM map:
[    0.000000] BIOS-e820: [mem 0x0000000000000000-0x000000000009fbff] usable
[    0.000000] BIOS-e820: [mem 0x000000000009fc00-0x000000000009ffff] reserved
[    0.000000] BIOS-e820: [mem 0x00000000000f0000-0x00000000000fffff] reserved
[    0.000000] BIOS-e820: [mem 0x0000000000100000-0x000000003ffeffff] usable
[    0.000000] BIOS-e820: [mem 0x000000003fff0000-0x000000003fffffff] ACPI data
[    0.000000] BIOS-e820: [mem 0x00000000fec00000-0x00000000fec00fff] reserved
[    0.000000] BIOS-e82: [mem 0x0000000fee00000-0x00000000fee00fff] reserved
[    0.000000] BIOS-e820: [mem 0x00000000fffc0000-0x00000000ffffffff] reservedd
[    0.000000] NX (Execute Disable) protection: active
[    0.000000] SMBIOS 2.5 present.
[    0.000000] Hypervisor detected: KVM
[    0.000000] e820: last_pfn = 0x3fff0 max_arch_pfn = 0x400000000
[    0.000000] MTRR: Disabled
[    0.000000] x86/PAT: MTRRs disabled, skipping PAT initialization too.
[    0.000000] CPU MTRRs all blank - virtualized system.
[    0.000000] x86AT: Configuration [0-7]: WB  WT  UC- UC  WB  WT  UC- UC  
[    0.000000] found SMP MP-table at [mem 0x0009fff0-0x0009ffff] mapped at [ffff88000009fff0]
[    0.000000] Scanning 1 areas for low memory corruption
[    0.000000] RAMDISK: [mem 0x361ee000-0x370eefff]
[    0.000000] ACPI: Earl table checksum verification disabled
[    0.000000] ACPI: RSDP 0x00000000000E0000 000024 (v02 VBOX  )
[    0.000000] ACPI: XSDT 0x000000003FFF0030 00003C (v01 VBOX   VBOXXSDT 00000001 ASL  00000061)
[    0.000000] ACPI: FACP 0x000000003FFF00F0 0000F4 (v04 VBOX   VBOXFACP 00000001 ASL  00000061)
[    0.000000] ACPI: DSDT 0x000000003FFF0470 0021FF (v02 VBOX   VBOXBIOS 00000002 INTL 20100528)
[    0.000000] ACPI: FACS 0x000000003FFF0200 000040
[    0.000000] ACPI: FACS 0x000000003FFF0200 000040
[    0.000000] ACPI: APIC 0x000000003FFF0240 00005C (v02 VBOX   VBOXAPIC 00000001 ASL  00000061)
[    0.000000] ACPI: SSDT 0x000000003FFF02A0 0001CC (v01 VBOX   VBOXCPUT 00000002 INTL 20100528)
[    0.000000] No NUMA configuration found
[    0.000000] Faking a node at [mem 0x0000000000000000-0x00000003ffeffff]
[    0.000000] NODE_DATA(0) allocated [mem 0x3ffeb000-0x3ffeffff]
[    0.000000] kvm-clock: Using msrs 4b564d01 and 4b564d00
[    0.000000] kvm-clock: cpu 0, msr 0:3ffe3001, primary cpu clock
[    0.000000] kvm-clock: using sched offset of 3776436842 cycles
[    00.000000] clocksource: kvm-clock: mask: 0xffffffffffffffff max_cycles: 0x1cd42e4dffb, max_idle_ns: 881590591483 ns
[    0.000000] Zone ranges:
[    0.000000]   DMA      [mem 0x000000000001000-0x0000000000ffffff]
[    0.000000]   DMA32    [mem 0x000000000100000-0x000000003ffeffff]
[    0.000000]   Normal   empty
[    0.000000]   Device   empty
[    0.000000] Movable zone start for each node
[    0.000000] Early memory node ranges
[    0.000000]   node   0: [mem 0x0000000000001000-0x000000000009efff]
[    0.000000]   node   0: [mem 0x0000000000100000-0x000000003ffeffff]
[    0.000000] Initmem setup node 0 [mem 0x0000000000001000-0x000000003ffeffff]
[    0.000000] ACPI: PM-Timer IO Port: 0x408
[    0.000000] IOAPIC[0]: apic_id 2, version 32, address 0xfec00000, GSI 0-23
[    0.000000] ACPI: INT_SRC_OVR (bus 0 bus_irq 0 global_irq 2 dfl dfl)
[    0.000000] ACPI: INT_SRC_OVR (bus 0 bus_irq 9 global_irq 9 low level)
[    0.000000] Using ACPI (MADT) for SMP configuration information
[    0.000000] smpboot: Allowing 2 CPUs, 0 hotplug CPUs
[    0.000000] PM: Registered nosave memory: [mem 0x00000000-0x00000fff]
[    0.000000] PM: Registered nosave memory: [mem 0x0009f000-0x0009ffff]
[    0.000000] PM: Registered nosave memory: [mem 0x000a0000-0x000effff]
[    0.000000] PM: Registered nosave memory: [mem 0x000f0000-0x00fffff]
[    0.000000] e820: [mem 0x40000000-0xfebfffff] available for PCI devices
[    0.000000] Booting paravirtualized kernel on KVM
[    0.000000] clocksource: refined-jiffies: mask: 0xffffffff max_cycles: 0xffffffff, max_idle_ns: 7645519600211568 ns
[    0.000000] setup_percpu: NR_CPUS:512 nr_cpumask_bits:512 nr_cpu_ids:2 nr_node_ids:1
[    0.000000] PERCPU: Embedded 34 pages/cpu @ffff88003fc00000 s99608 r8192 d31464 u1048576
[    0.000000] PV qspinlock hash table entries: 256 (order: 0, 4096 bytes)
[    0.000000] Built 1 zonelists in Node order, mobility grouping on.  Total pages: 257912
[    0.000000] Policy zone: DMA32
[    0.000000] Kernel command line: BOOT_IMAGE=/boot/vmlinuz-4.4.0-137-generic root=UUID=1944b013-04db-427d-b9cb-2e000828c5db ro console=tty1 console=ttyS0
[   0.000000] PID hash table entries: 4096 (order: 3, 32768 bytes)
[    0.00000] Memory: 997140K/1048120K available (8555K kernel code, 1314K rwdata, 4004K rodata, 1528K init, 1316K bss, 50980K reserved, 0K cma-reserved)
[    0.000000] SLUB: HWalign=64, Order=0-3, MinObjects=0, CPUs=2, Nodes=1
[    0.000000] Kernel/User page table isolation: enabled
[    0.000000] Hierarchical RCU implementation.
[    0.000000] 	Build-time adjustment of leaf fanout to 64.
[    0.000000] 	RCU rstricting CPUs from NR_CPUS=512 to nr_cpu_ids=2.
[    0.000000] RCU: Adjusting geometry for rcu_fanout_leaf=64, nr_cpu_ids=2
[    0.000000] NR_IRQS:33024 nr_irqs:440 16
[    0.000000] Console: colour VGA+ 80x25
[    0.000000] console [tty1] enabled
[    0.000000] console [ttyS0] enabled
[    0.000000] tsc: Detected 2494.350 MHz processor
[    0.556748] Calibrating delay loop (skipped) preset value.. 4988.70 BogoMIPS (lpj=9977400)
[    0.559062] pid_max: default: 32768 minimum: 301
[    0.560346] ACPI: Core revision 20150930
[    0.562502] ACPI: 2 ACPI AML tables successfully acquired and loaded
[    0.564316] Security Framework initialized
[    0.565262] Yama: becoming mindful.
[    0.566136] AAppArmor: AppArmor initialized
[    0.567412] Dentry cache hash table entries: 131072 (order: 8, 1048576 bytes)
[    0.570353] Inode-cache hash table entries: 65536 (order: 7, 524288 bytes)
[    0.572526] Mount-cache hash table entries: 2048 (order: 2, 16384 bytes)
[    0.574392] Mountpoint-cache hash table entries: 2048 (order: 2, 16384 bytes)
[    0.577683] Initializing cgroup subsys io
[    0.578809] Initializing cgroup subsys memory
[    0.580225] Initializing cgroup subsys devices
[    0.581607] Initializing cgroup subsys freezer
[    0.583024] Initializing cgroup subsys net_cls
[    0.584401] Initializing cgroup subsys perf_event
[    0.585840] Initializing cgroup subsys net_prio
[    0.587250] Initializing cgroup subsys hugetlb
[    0.588476] Initializing cgroup subsys pids
[    0.589493] mce: CPU supports 0 MCE banks
[    0.590476] Last level iTLB entries: 4KB 512, 2MB 8, 4MB 8
[    0.592152] Last level dTLB entries: 4KB 512, 2MB 32, 4MB 32, 1GB 0
[    0.593917] Spectre V2 : Mitigation: Full generic retpoline
[    0.595529] Spectre V2 : Spectre v2 mitigation: Speculation control IBPB not-supported IBRS not-supported
[    0.597788] Spectre V2 : Spectre v2 / SpectreRSB mitigation: Filling RSB on context switch
[    0.600419] Speculative Store Bypass: Vulnerable
[    0.607661] Freeing SMP alternatives memory: 32K
[    0.619200] ftrace: allocating 32265 entries in 127 pages
[    0.691147] smpboot: APIC(0) Converting physical 0 to logical package 0
[    0.692668] smpboot: Max logical packages: 1
[    0.693971] x2apic enabled
[    0.694944] Switched APIC routing to physical x2apic.
[    0.697729] ..TIMER: vector=0x30 apic1=0 pin1=2 apic2=-1 pin2=-1
[    0.803524] smpboot: CPU0: Intel(R) Core(TM) i5-2450M CPU @ 2.50GHz (family: 0x6, model: 0x2a, stepping: 0x7)
[    0.806890] Performance Events: unsupported p6 CPU model 42 no PMU driver, software events only.
[    0.809870] KVM setup paravirtual spinlock
[    0.811659] x86: Booting SMP configuration:
[    0.812636] .... node  #0, CPUs:      #1
[    0.813702] kvm-clock: cpu 1, msr 0:3ffe3041, secondary cpu clock
[    0.815009] mce: CPU supports 0 MCE banks
[    0.817784] x86: Booted up 1 node, 2 CPUs
[    0.818956] smpboot: Total of 2 processors activated (9977.40 BogoMIPS)
[    0.820758] devtmpfs: initialized
[    0.823319] evm: security.selinux
[    0.824152] evm: security.SMACK64
[    0.824966] evm: security.SMACK64EXEC
[    0.825848] evm: security.SMACK64TRANSMUTE
[    0.827126] evm: security.SMACK64MMAP
[    0.828352] evm: security.ima
[    0.829163] evm: security.capability
[    0.830284] clocksource: jiffies: mask: 0xffffffff max_cycles: 0xffffffff, max_idle_ns: 7645041785100000 ns
[    0.832508] futex hash table entries: 512 (order: 3, 32768 bytes)
[    0.834959] pinctrl core: initialized pinctrl subsystem
[    0.836230] RTC time: 20:23:13, date: 10/05/18
[    0.837393] NET: Registered protocol family 16
[    0.848445] cpuidle: using governor ladder
[    0.861485] cpuidle: using governor menu
[    0.862594] PCCT header not found.
[    0.863702] ACPI: bus type PCI registered
[    0.864826] acpiphp: ACPI Hot Plug PCI Controller Driver version: 0.5
[    0.866429] PCI: Using configuration type 1 for base access
[    0.881294] ACPI: Added _OSI(Module Device)
[    0.882533] ACPI: Added _OSI(Processor Device)
[    0.883810] ACPI: Added _OSI(3.0 _SCP Extensions)
[    0.886538] ACPI: Added _OSI(Processor Aggregator Device)
[    0.897336] ACPI: Executed 1 blocks of module-level executable AML code
[    0.902382] ACPI: Interpreter enabled
[    0.903442] ACPI: (supports S0 S5)
[    0.904643] ACPI: Using IOAPIC for interrupt routing
[    0.906131] PCI: Using host bridge windows from ACPI; if necessary, use "pci=nocrs" and report a bug
[    0.914419] ACPI: PCI Root Bridge [PCI0] (domain 0000 [bus 00-ff])
[    0.916074] acpi PNP0A03:00: _OSC: OS supports [ASPM ClockPM Segments MSI]
[    0.917632] acpi PNP0A03:00: _OSC: not requesting OS control; OS requires [ExtendedConfig ASPM ClockPM MSI]
[    0.931764] acpi PNP0A03:00: fail to add MMCONFIG information, can't access extended PCI configuration space under this bridge.
[    0.940263] PCI host bridge to bus 0000:00
[    0.941367] pci_bus 0000:00: root bus resource [io  0x0000-0x0cf7 window]
[    0.943343] pci_bus 0000:00: root bus resource [io  0x0d00-0xffff window]
[    0.944771] pci_bus 0000:00: root bus resource [mem 0x000a0000-0x000bffff window]
[    0.946471] pci_bus 0000:00: root bus resource [mem 0x40000000-0xfdffffff window]
[    0.948150] pci_bus 0000:00: root bus resource [bus 00-ff]
[    0.951375] pci 0000:00:01.1: legacy IDE quirk: reg 0x10: [io  0x01f0-0x01f7]
[    0.959470] pci 0000:00:01.1: legacy IDE quirk: reg 0x14: [io  0x03f6]
[    0.961107] pci 0000:00:01.1: legacy IDE quirk: reg 0x18: [io  0x0170-0x0177]
[    0.964001] pci 0000:00:01.1: legacy IDE quirk: reg 0x1c: [io  0x0376]
[    1.001317] pci 0000:00:07.0: quirk: [io  0x4000-0x403f] claimed by PIIX4 ACPI
[    1.003976] pci 0000:00:07.0: quirk: [io  0x4100-0x410f] claimed by PIIX4 SMB
[    1.023826] ACPI: PCI Interrupt Link [LNKA] (IRQs 5 9 10 *11)
[    1.026665] ACPI: PCI Interrupt Link [LNKB] (IRQs 5 9 *10 11)
[    1.029395] ACPI: PCI Interrupt Link [LNKC] (IRQs 5 *9 10 11)
[    1.037715] ACPI: PCI Interrupt Link [LNKD] (IRQs 5 9 10 *11)
[    1.040472] ACPI: Enabled 2 GPEs in block 00 to 07
[    1.042803] vgaarb: setting as boot device: PCI:0000:00:02.0
[    1.044380] vgaarb: device added: PCI:0000:00:02.0,decodes=io+mem,owns=io+mem,locks=none
[    1.046585] vgaarb: loaded
[    1.047425] vgaarb: bridge control possible 0000:00:02.0
[    1.049138] SCSI subsystem initialized
[    1.050653] ACPI: bus type USB registered
[    1.051993] usbcore: registered new interface driver usbfs
[    1.053578] usbcore: registered new interface driver hub
[    1.056509] usbcore: registered new device driver usb
[    1.059500] PCI: Using ACPI for IRQ routing
[    1.061357] NetLabel: Initializing
[    1.062510] NetLabel:  domain hash size = 128
[    1.063887] NetLabel:  protocols = UNLABELED CIPSOv4
[    1.065362] NetLabel:  unlabeled traffic allowed by default
[    1.067141] amd_nb: Cannot enumerate AMD northbridges
[    1.068689] clocksource: Switched to clocksource kvm-clock
[    1.079871] AppArmor: AppArmor Filesystem Enabled
[    1.081520] pnp: PnP ACPI init
[    1.083775] pnp: PnP ACPI: found 3 devices
[    1.095496] clocksource: acpi_pm: mask: 0xffffff max_cycles: 0xffffff, max_idle_ns: 2085701024 ns
[    1.098221] NET: Registered protocol family 2
[    1.099815] TCP established hash table entries: 8192 (order: 4, 65536 bytes)
[    1.102999] TCP bind hash table entries: 8192 (order: 5, 131072 bytes)
[    1.104322] TCP: Hash tables configured (established 8192 bind 8192)
[    1.105658] UDP hash table entries: 512 (order: 2, 16384 bytes)
[    1.106865] UDP-Lite hash table entries: 512 (order: 2, 16384 bytes)
[    1.108747] NET: Registered protocol family 1
[    1.110182] pci 0000:00:00.0: Limiting direct PCI/PCI transfers
[    1.111911] pci 0000:00:01.0: Activating ISA DMA hang workarounds
[    1.113889] Unpacking initramfs...
[    1.399344] Freeing initrd memory: 15364K
[    1.400718] RAPL PMU detected, API unit is 2^-32 Joules, 3 fixed counters 10737418240 ms ovfl timer
[    1.410850] hw unit of domain pp0-core 2^-0 Joules
[    1.411961] hw unit of domain package 2^-0 Joules
[    1.413334] hw unit of domain pp1-gpu 2^-0 Joules
[    1.421182] platform rtc_cmos: registered platform RTC device (no PNP device found)
[    1.422924] Scanning for low memory corruption every 60 seconds
[    1.424606] audit: initializing netlink subsys (disabled)
[    1.425825] audit: type=2000 audit(1538770999.167:1): initialized
[    1.427377] Initialise system trusted keyring
[    1.428592] HugeTLB registered 2 MB page size, pre-allocated 0 pages
[    1.431450] zbud: loaded
[    1.432550] VFS: Disk quotas dquot_6.6.0
[    1.433542] VFS: Dquot-cache hash table entries: 512 (order 0, 4096 bytes)
[    1.435237] squashfs: version 4.0 (2009/01/31) Phillip Lougher
[    1.437323] fuse init (API version 7.23)
[    1.438604] Key type big_key registered
[    1.439712] Allocating IMA MOK and blacklist keyrings.
[    1.442256] Key type asymmetric registered
[    1.443404] Asymmetric key parser 'x509' registered
[    1.444890] Block layer SCSI generic (bsg) driver version 0.4 loaded (major 249)
[    1.447469] io scheduler noop registered
[    1.448749] io scheduler deadline registered (default)
[    1.463842] io scheduler cfq registered
[    1.470773] pci_hotplug: PCI Hot Plug PCI Core version: 0.5
[    1.471976] pciehp: PCI Express Hot Plug Controller Driver version: 0.4
[    1.473568] ACPI: AC Adapter [AC] (on-line)
[    1.474604] input: Power Button as /devices/LNXSYSTM:00/LNXPWRBN:00/input/input0
[    1.483183] ACPI: Power Button [PWRF]
[    1.484335] input: Sleep Button as /devices/LNXSYSTM:00/LNXSLPBN:00/input/input1
[    1.486554] ACPI: Sleep Button [SLPF]
[    1.487860] GHES: HEST is not enabled!
[    1.489088] Serial: 8250/16550 driver, 32 ports, IRQ sharing enabled
[    1.513577] 00:02: ttyS0 at I/O 0x3f8 (irq = 4, base_baud = 115200) is a 16550A
[    1.517051] Linux agpgart interface v0.103
[    1.522884] loop: module loaded
[    1.524608] scsi host0: ata_piix
[    1.525787] scsi host1: ata_piix
[    1.526807] ata1: PATA max UDMA/33 cmd 0x1f0 ctl 0x3f6 bmdma 0xd000 irq 14
[    1.528596] ata2: PATA max UDMA/33 cmd 0x170 ctl 0x376 bmdma 0xd008 irq 15
[    1.537422] libphy: Fixed MDIO Bus: probed
[    1.538852] tun: Universal TUN/TAP device driver, 1.6
[    1.540022] tun: (C) 1999-2004 Max Krasnyansky <maxk@qualcomm.com>
[    1.541741] PPP generic driver version 2.4.2
[    1.543067] ehci_hcd: USB 2.0 'Enhanced' Host Controller (EHCI) Driver
[    1.544735] ehci-pci: EHCI PCI platform driver
[    1.546196] ehci-platform: EHCI generic platform driver
[    1.547612] ohci_hcd: USB 1.1 'Open' Host Controller (OHCI) Driver
[    1.549223] ohci-pci: OHCI PCI platform driver
[    1.550463] ohci-platform: OHCI generic platform driver
[    1.553400] uhci_hcd: USB Universal Host Controller Interface driver
[    1.555084] i8042: PNP: PS/2 Controller [PNP0303:PS2K,PNP0f03:PS2M] at 0x60,0x64 irq 1,12
[    1.558330] serio: i8042 KBD port at 0x60,0x64 irq 1
[    1.559806] serio: i8042 AUX port at 0x60,0x64 irq 12
[    1.563909] mousedev: PS/2 mouse device common for all mice
[    1.566302] input: AT Translated Set 2 keyboard as /devices/platform/i8042/serio0/input/input2
[    1.569192] rtc_cmos rtc_cmos: rtc core: registered rtc_cmos as rtc0
[    1.571040] rtc_cmos rtc_cmos: alarms up to one day, 114 bytes nvram
[    1.572810] i2c /dev entries driver
[    1.574108] device-mapper: uevent: version 1.0.3
[    1.575605] device-mapper: ioctl: 4.34.0-ioctl (2015-10-28) initialised: dm-devel@redhat.com
[    1.578050] ledtrig-cpu: registered to indicate activity on CPUs
[    1.580091] NET: Registered protocol family 10
[    1.581604] NET: Registered protocol family 17
[    1.582846] Key type dns_resolver registered
[    1.584325] registered taskstats version 1
[    1.592726] Loading compiled-in X.509 certificates
[    1.595441] Loaded X.509 cert 'Build time autogenerated kernel key: 20acc96b50ca7641011eace69d32209215a9b56f'
[    1.598350] zswap: loaded using pool lzo/zbud
[    1.602664] Key type trusted registered
[    1.608524] Key type encrypted registered
[    1.609916] AppArmor: AppArmor sha1 policy hashing enabled
[    1.611619] ima: No TPM chip found, activating TPM-bypass!
[    1.613213] ima: Allocated hash algorithm: sha1
[    1.614669] evm: HMAC attrs: 0x1
[    1.616250]   Magic number: 6:345:396
[    1.617436] rtc_cmos rtc_cmos: setting system clock to 2018-10-05 20:23:14 UTC (1538770994)
[    1.627311] BIOS EDD facility v0.16 2004-Jun-25, 0 devices found
[    1.628869] EDD information not available.
[    1.726900] Freeing unused kernel memory: 1528K
[    1.728030] Write protecting the kernel read-only data: 14336k
[    1.745110] Freeing unused kernel memory: 1672K
[    1.746693] Freeing unused kernel memory: 92K
Loading, please wait...
starting version 229
[    1.766344] random: systemd-udevd: uninitialized urandom read (16 bytes read, 2 bits of entropy available)
[    1.767498] random: udevadm: uninitialized urandom read (16 bytes read, 2 bits of entropy available)
[    1.767557] random: udevadm: uninitialized urandom read (16 bytes read, 2 bits of entropy available)
[    1.786828] random: udevadm: uninitialized urandom read (16 bytes read, 2 bits of entropy available)
[    1.786910] random: udevadm: uninitialized urandom read (16 bytes read, 2 bits of entropy available)
[    1.787228] random: udevadm: uninitialized urandom read (16 bytes read, 2 bits of entropy available)
[    1.787346] random: udevadm: uninitialized urandom read (16 bytes read, 2 bits of entropy available)
[    1.787463] random: udevadm: uninitialized urandom read (16 bytes read, 2 bits of entropy available)
[    1.787603] random: udevadm: uninitialized urandom read (16 bytes read, 2 bits of entropy available)
[    1.787725] random: udevadm: uninitialized urandom read (16 bytes read, 2 bits of entropy available)
[    1.899336] e1000: Intel(R) PRO/1000 Network Driver - version 7.3.21-k8-NAPI
[    1.901957] e1000: Copyright (c) 1999-2006 Intel Corporation.
[    1.932486] Fusion MPT base driver 3.04.20
[    1.933726] Copyright (c) 1999-2008 LSI Corporation
[    1.969814] AVX version of gcm_enc/dec engaged.
[    1.971114] AES CTR mode by8 optimization enabled
[    1.981279] Fusion MPT SPI Host driver 3.04.20
[    2.138756] input: ImExPS/2 Generic Explorer Mouse as /devices/platform/i8042/serio1/input/input4
[    2.359071] e1000 0000:00:03.0 eth0: (PCI:33MHz:32-bit) 02:fb:a8:4c:29:d0
[    2.360483] e1000 0000:00:03.0 eth0: Intel(R) PRO/1000 Network Connection
[    2.362668] mptbase: ioc0: Initiating bringup
[    2.423241] tsc: Refined TSC clocksource calibration: 2494.187 MHz
[    2.424866] clocksource: tsc: mask: 0xffffffffffffffff max_cycles: 0x23f3c69c077, max_idle_ns: 440795330813 ns
[    2.445377] ioc0: LSI53C1030 A0: Capabilities={Initiator}
[    2.736315] scsi host2: ioc0: LSI53C1030 A0, FwRev=00000000h, Ports=1, MaxQ=256, IRQ=20
[    3.224957] scsi 2:0:0:0: Direct-Access     VBOX     HARDDISK         1.0  PQ: 0 ANSI: 5
[    3.226803] scsi target2:0:0: Beginning Domain Validation
[    3.228806] scsi target2:0:0: Domain Validation skipping write tests
[    3.244868] scsi target2:0:0: Ending Domain Validation
[    3.246040] scsi target2:0:0: asynchronous
[    3.247378] scsi 2:0:1:0: Direct-Access     VBOX     HARDDISK         1.0  PQ: 0 ANSI: 5
[    3.272879] scsi target2:0:1: Beginning Domain Validation
[    3.276823] scsi target2:0:1: Domain Validation skipping write tests
[    3.279461] scsi target2:0:1: Ending Domain Validation
[    3.281756] scsi target2:0:1: asynchronous
[    3.294578] sd 2:0:0:0: Attached scsi generic sg0 type 0
[    3.301182] sd 2:0:0:0: [sda] 20971520 512-byte logical blocks: (10.7 GB/10.0 GiB)
[    3.303239] sd 2:0:0:0: [sda] Write Protect is off
[    3.304470] sd 2:0:0:0: [sda] Incomplete mode parameter data
[    3.311097] sd 2:0:0:0: [sda] Assuming drive cache: write through
[    3.313114] sd 2:0:1:0: [sdb] 20480 512-byte logical blocks: (10.5 MB/10.0 MiB)
[    3.315105] sd 2:0:1:0: [sdb] Write Protect is off
[    3.316332] sd 2:0:1:0: [sdb] Incomplete mode parameter data
[    3.317620] sd 2:0:1:0: [sdb] Assuming drive cache: write through
[    3.319357] sd 2:0:1:0: Attached scsi generic sg1 type 0
[    3.322921]  sda: sda1
[    3.323670] sd 2:0:1:0: [sdb] Attached SCSI disk
[    3.327886] sd 2:0:0:0: [sda] Attached SCSI disk
[    3.629992] e1000 0000:00:08.0 eth1: (PCI:33MHz:32-bit) 08:00:27:9d:dc:98
[    3.631472] e1000 0000:00:08.0 eth1: Intel(R) PRO/1000 Network Connection
[    3.634625] e1000 0000:00:08.0 enp0s8: renamed from eth1
[    3.645015] e1000 0000:00:03.0 enp0s3: renamed from eth0
Begin: Loading essential drivers ... [    5.113271] md: linear personality registered for level -1
[    5.118637] md: multipath personality registered for level -4
[    5.123549] md: raid0 personality registered for level 0
[    5.128879] md: raid1 personality registered for level 1
[    5.200978] raid6: sse2x1   gen()  6382 MB/s
[    5.268983] raid6: sse2x1   xor()  5514 MB/s
[    5.336989] raid6: sse2x2   gen()  7836 MB/s
[    5.404994] raid6: sse2x2   xor()  5927 MB/s
[    5.473004] raid6: sse2x4   gen() 10254 MB/s
[    5.541010] raid6: sse2x4   xor()  5697 MB/s
[    5.542244] raid6: using algorithm sse2x4 gen() 10254 MB/s
[    5.545706] raid6: .... xor() 5697 MB/s, rmw enabled
[    5.547014] raid6: using ssse3x2 recovery algorithm
[    5.550713] xor: automatically using best checksumming function:
[    5.588700]    avx       : 17580.000 MB/sec
[    5.591955] async_tx: api initialized (async)
[    5.602754] md: raid6 personality registered for level 6
[    5.615874] md: raid5 personality registered for level 5
[    5.617101] md: raid4 personality registered for level 4
[    5.626293] md: raid10 personality registered for level 10
done.
Begin: Running /scripts/init-premount ... done.
Begin: Mounting root file system ... Begin: Running /scripts/local-top ... done.
Begin: Running /scripts/local-premount ... [    5.673283] Btrfs loaded
Scanning for Btrfs filesystems
done.
Warning: fsck not present, so skipping root file system
[    5.716127] EXT4-fs (sda1): mounted filesystem with ordered data mode. Opts: (null)
done.
Begin: Running /scripts/local-bottom ... done.
Begin: Running /scripts/init-bottom ... done.
[    5.850511] systemd[1]: systemd 229 running in system mode. (+PAM +AUDIT +SELINUX +IMA +APPARMOR +SMACK +SYSVINIT +UTMP +LIBCRYPTSETUP +GCRYPT +GNUTLS +ACL +XZ -LZ4 +SECCOMP +BLKID +ELFUTILS +KMOD -IDN)
[    5.854958] systemd[1]: Detected virtualization oracle.
[    5.856109] systemd[1]: Detected architecture x86-64.

Welcome to [1mUbuntu 16.04.5 LTS[0m!

[    5.860893] systemd[1]: Set hostname to <ubuntu-xenial>.
[    6.048878] systemd[1]: Reached target Encrypted Volumes.
[[0;32m  OK  [0m] Reached target Encrypted Volumes.
[    6.052253] systemd[1]: Started Trigger resolvconf update for networkd DNS.
[[0;32m  OK  [0m] Started Trigger resolvconf update for networkd DNS.
[    6.056149] systemd[1]: Set up automount Arbitrary Executable File Formats File System Automount Point.
[[0;32m  OK  [0m] Set up automount Arbitrary Executab...ats File System Automount Point.
[    6.060294] systemd[1]: Listening on Journal Audit Socket.
[[0;32m  OK  [0m] Listening on Journal Audit Socket.
[    6.063326] systemd[1]: Listening on udev Control Socket.
[[0;32m  OK  [0m] Listening on udev Control Socket.
[    6.067023] systemd[1]: Listening on LVM2 metadata daemon socket.
[[0;32m  OK  [0m] Listening on LVM2 metadata daemon socket.
[    6.070987] systemd[1]: Listening on Syslog Socket.
[[0;32m  OK  [0m] Listening on Syslog Socket.
[    6.074069] systemd[1]: Reached target User and Group Name Lookups.
[[0;32m  OK  [0m] Reached target User and Group Name Lookups.
[    6.077700] systemd[1]: Started Forward Password Requests to Wall Directory Watch.
[[0;32m  OK  [0m] Started Forward Password Requests to Wall Directory Watch.
[    6.081989] systemd[1]: Reached target System Time Synchronized.
[[0;32m  OK  [0m] Reached target System Time Synchronized.
[    6.085530] systemd[1]: Listening on Journal Socket (/dev/log).
[[0;32m  OK  [0m] Listening on Journal Socket (/dev/log).
[    6.089441] systemd[1]: Created slice User and Session Slice.
[[0;32m  OK  [0m] Created slice User and Session Slice.
[    6.092954] systemd[1]: Listening on Journal Socket.
[[0;32m  OK  [0m] Listening on Journal Socket.
[    6.096279] systemd[1]: Listening on /dev/initctl Compatibility Named Pipe.
[[0;32m  OK  [0m] Listening on /dev/initctl Compatibility Named Pipe.
[    6.099606] systemd[1]: Reached target Swap.
[[0;32m  OK  [0m] Reached target Swap.
[    6.102104] systemd[1]: Listening on Device-mapper event daemon FIFOs.
[[0;32m  OK  [0m] Listening on Device-mapper event daemon FIFOs.
[    6.105181] systemd[1]: Listening on udev Kernel Socket.
[[0;32m  OK  [0m] Listening on udev Kernel Socket.
[    6.108296] systemd[1]: Listening on LVM2 poll daemon socket.
[[0;32m  OK  [0m] Listening on LVM2 poll daemon socket.
[    6.112141] systemd[1]: Created slice System Slice.
[[0;32m  OK  [0m] Created slice System Slice.
[    6.133338] systemd[1]: Starting Uncomplicated firewall...
         Starting Uncomplicated firewall...
[    6.140981] systemd[1]: Starting Remount Root and Kernel File Systems...
         Starting Remount[    6.159197] EXT4-fs (sda1): re-mounted. Opts: (null)
 Root and Kernel File Systems...
[    6.165205] systemd[1]: Mounting Huge Pages File System...
         Mounting Huge Pages File System...
[    6.169709] systemd[1]: Mounting POSIX Message Queue File System...
         Mounting POSIX Message Queue File System...
[    6.174252] systemd[1]: Starting Set console keymap...
         Starting Set console keymap...
[    6.184978] systemd[1]: Mounting Debug File System...
         Mounting Debug File System...
[    6.196047] systemd[1]: Starting Monitoring of LVM2 mirrors, snapshots etc. using dmeventd or progress polling...
         Starting Monitoring of LVM2 mirrors... dmeventd or progress polling...
[    6.206425] systemd[1]: Starting Create list of required static device nodes for the current kernel...
         Starting Create list of required st... nodes for the current kernel...
[    6.223880] systemd[1]: Reached target Slices.
[[0;32m  OK  [0m] Reached target Slices.
[    6.260833] systemd[1]: Starting Nameserver information manager...
         Starting Nameserver information manager...
[    6.271502] systemd[1]: Starting Journal Service...
         Starting Journal Service...
[    6.289619] systemd[1]: Starting Load Kernel Modules...
         Starting Load Kernel Modules...
[    6.313888] systemd[1]: Created slice system-serial\x2dgetty.slice.
[[0;32m  OK  [0m] Created slice system-serial\x2dgetty.slice.[    6.321913] Loading iSCSI transport class v2.0-870.

[    6.353176] iscsi: registered transport (tcp)
[    6.367176] systemd[1]: Mounted POSIX Message Queue File System.
[[0;32m  OK  [0m] Mounted POSIX Message Queue File System.
[    6.378686] systemd[1]: Mounted Debug File System.
[[0;32m  OK  [0m] Mounted Debug File System.
[    6.381212] systemd[1]: Mounted Huge Pages File System.
[[0;32m  OK  [0m] Mounted Huge Pages File System.
[    6.384229] systemd[1]: Started Journal Service.
[[0;32m  OK  [0m] Started Journal Service.
[[0;32m  OK  [0m] Started Uncomplicated firewall.
[    6.397281] iscsi: registered transport (iser)
[[0;32m  OK  [0m] Started Remount Root and Kernel File Systems.
[[0;32m  OK  [0m] Started Set console keymap.
[[0;32m  OK  [0m] Started Create list of required sta...ce nodes for the current kernel.
[[0;32m  OK  [0m] Started Load Kernel Modules.
[[0;32m  OK  [0m] Started Nameserver information manager.
[[0;32m  OK  [0m] Started LVM2 metadata daemon.
         Starting Apply Kernel Variables...
         Mounting FUSE Control File System...
         Starting Create Static Device Nodes in /dev...
         Starting udev Coldplug all Devices...
         Starting Load/Save Random Seed...
         Starting Flush Journal to Persistent Storage...
[[0;32m  OK  [0m] Mounted FUSE Control File System.
[[0;32m  OK  [0m] Started Apply Kernel Variables.
[[0;32m  OK  [0m] Started Create Static Device Nodes in /dev.
[[0;32m  OK  [0m] Started Load/Save Random Seed.
[[0;32m  OK  [0m] Started udev Coldplug all Devices.
         Starting udev Kernel Device Manager...
[[0;32m  OK  [0m] Started Monitoring of LVM2 mirrors,...ng dmeventd or progress polling.
[[0;32m  OK  [0m] Started Flush Journal to Persistent Storage.
[[0;32m  OK  [0m] Started udev Kernel Device Manager.
[[0;32m  OK  [0m] Reached target Local File Systems (Pre).
[[0;32m  OK  [0m] Reached target Local File Systems.
         Starting Tell Plymouth To Write Out Runtime Data...
         Starting LSB: AppArmor initialization...
         Starting Set console font and keymap...
         Starting Initial cloud-init job (pre-networking)...
         Starting Create Volatile Files and Directories...
[[0;32m  OK  [0m] Started Dispatch Password Requests to Console Directory Watch.
[[0;32m  OK  [0m] Started Tell Plymouth To Write Out Runtime Data.
[[0;32m  OK  [0m] Started Create Volatile Files and Directories.
         Starting Update UTMP about System Boot/Shutdown...
[[0;32m  OK  [0m] Started Update UTMP about System Boot/Shutdown.
[[0;32m  OK  [0m] Started LSB: AppArmor initialization.
[[0;32m  OK  [0m] Found device /dev/ttyS0.
[[0;32m  OK  [0m] Listening on Load/Save RF Kill Switch Status /dev/rfkill Watch.
[[0;32m  OK  [0m] Found device 82540EM Gigabit Ethern...r (PRO/1000 MT Desktop Adapter).
[[0;32m  OK  [0m] Found device 82540EM Gigabit Ethern...r (PRO/1000 MT Desktop Adapter).
[[0;32m  OK  [0m] Started Set console font and keymap.
[[0;32m  OK  [0m] Created slice system-getty.slice.
[    7.915221] cloud-init[492]: Cloud-init v. 18.3-9-g2e62cb8a-0ubuntu1~16.04.2 running 'init-local' at Fri, 05 Oct 2018 20:23:21 +0000. Up 7.38 seconds.
[[0;32m  OK  [0m] Started Initial cloud-init job (pre-networking).
[[0;32m  OK  [0m] Reached target Network (Pre).
[[0;32m  OK  [0m] Started ifup for enp0s3.
[[0;32m  OK  [0m] Started ifup for enp0s8.
         Starting Raise network interfaces...
[[0;32m  OK  [0m] Started Raise network interfaces.
         Starting Initial cloud-init job (metadata service crawler)...
[[0;32m  OK  [0m] Reached target Network.
[    9.038009] cloud-init[1059]: Cloud-init v. 18.3-9-g2e62cb8a-0ubuntu1~16.04.2 running 'init' at Fri, 05 Oct 2018 20:23:22 +0000. Up 8.62 seconds.
[    9.071560] cloud-init[1059]: ci-info: ++++++++++++++++++++++++++++++++++++++Net device info+++++++++++++++++++++++++++++++++++++++
[    9.097136] cloud-init[1059]: ci-info: +--------+------+-----------------------------+---------------+--------+-------------------+
[    9.100064] cloud-init[1059]: ci-info: | Device |  Up  |           Address           |      Mask     | Scope  |     Hw-Address    |
[    9.102885] cloud-init[1059]: ci-info: +--------+------+-----------------------------+---------------+--------+-------------------+
[    9.105559] cloud-init[1059]: ci-info: | enp0s3 | True |          10.0.2.15          | 255.255.255.0 | global | 02:fb:a8:4c:29:d0 |
[    9.108445] cloud-init[1059]: ci-info: | enp0s3 | True |  fe80::fb:a8ff:fe4c:29d0/64 |       .       |  link  | 02:fb:a8:4c:29:d0 |
[    9.111210] cloud-init[1059]: ci-info: | enp0s8 | True |        192.168.10.192       | 255.255.255.0 | global | 08:00:27:9d:dc:98 |
[    9.113900] cloud-init[1059]: ci-info: | enp0s8 | True | fe80::a00:27ff:fe9d:dc98/64 |       .       |  link  | 08:00:27:9d:dc:98 |
[    9.116702] cloud-init[1059]: ci-info: |   lo   | True |          127.0.0.1          |   255.0.0.0   |  host  |         .         |
[    9.119293] cloud-init[1059]: ci-info: |   lo   | True |           ::1/128           |       .       |  host  |         .         |
[    9.121864] cloud-init[1059]: ci-info: +--------+------+-----------------------------+---------------+--------+-------------------+
[    9.124651] cloud-init[1059]: ci-info: ++++++++++++++++++++++++++++Route IPv4 info++++++++++++++++++++++++++++
[    9.130080] cloud-init[1059]: ci-info: +-------+--------------+----------+---------------+-----------+-------+
[    9.132618] cloud-init[1059]: ci-info: | Route | Destination  | Gateway  |    Genmask    | Interface | Flags |
[    9.136844] cloud-init[1059]: ci-info: +-------+--------------+----------+---------------+-----------+-------+
[[0;32m  OK  [0m] Started Initial cloud-init job (metadata service crawler).
[    9.143564] cloud-init[1059]: ci-info: |   0   |   0.0.0.0    | 10.0.2.2 |    0.0.0.0    |   enp0s3  |   UG  |
[    9.143808] cloud-init[1059]: ci-info: |   1   |   10.0.2.0   | 0.0.0.0  | 255.255.255.0 |   enp0s3  |   U   |
[    9.144465] cloud-init[1059]: ci-info: |   2   | 192.168.10.0 | 0.0.0.0  | 255.255.255.0 |   enp0s8  |   U   |
[    9.144685] cloud-init[1059]: ci-info: +-------+--------------+----------+---------------+-----------+-------+
[    9.144926] cloud-init[1059]: ci-info: +++++++++++++++++++Route IPv6 info+++++++++++++++++++
[[    9.145118] [0;32m  OK  [0mcloud-init] [1059]: Reached target System Initialization.ci-info: +-------+-------------+---------+-----------+-------+

[    9.145241] cloud-init[1059]: ci-info: | Route | Destination | Gateway | Interface | Flags |
[    9.187073] cloud-init[1059]: ci-info: +-------+-------------+---------+-----------+-------+
[    9.187493] cloud-init[1059]: ci-info: |   0   |  fe80::/64  |    ::   |   enp0s8  |   U   |
[[0;32m  OK  [0m] Started Clean PHP session files every 30 mins.
[[0;32m  OK  [0m] Listening on D-Bus System Message Bus Socket.[    9.188070] cloud-init[1059]: ci-info: |   1   |  fe80::/64  |    ::   |   enp0s3  |   U   |
[    9.198059] cloud-init[1059]: ci-info: |   4   |   ff00::/8  |    ::   |   enp0s8  |   U   |

[    9.198284] cloud-init[1059]: ci-info: |   5   |   ff00::/8  |    ::   |   enp0s3  |   U   |
[    9.255276] cloud-init[1059]: ci-info: +-------+-------------+---------+-----------+-------+
         Starting LXD - unix socket.
[[0;32m  OK  [0m] Started ACPI Events Check.
[[0;32m  OK  [0m] Reached target Paths.
         Starting Socket activation for snappy daemon.
[[0;32m  OK  [0m] Listening on UUID daemon activation socket.
[[0;32m  OK  [0m] Started Daily apt download activities.
[[0;32m  OK  [0m] Started Daily apt upgrade and clean activities.
[[0;32m  OK  [0m] Listening on ACPID Listen Socket.
[[0;32m  OK  [0m] Started Daily Cleanup of Temporary Directories.
[[0;32m  OK  [0m] Reached target Timers.
[[0;32m  OK  [0m] Reached target Cloud-config availability.
[[0;32m  OK  [0m] Reached target Network is Online.
         Starting iSCSI initiator daemon (iscsid)...
[[0;32m  OK  [0m] Listening on LXD - unix socket.
[[0;32m  OK  [0m] Listening on Socket activation for snappy daemon.
[[0;32m  OK  [0m] Reached target Sockets.
[[0;32m  OK  [0m] Reached target Basic System.
         Starting LSB: MD monitoring daemon...
         Starting Accounts Service...
         Starting LXD - container startup/shutdown...
[[0;32m  OK  [0m] Started Deferred execution scheduler.
[[0;32m  OK  [0m] Started ACPI event daemon.
         Starting System Logging Service...
[[0;32m  OK  [0m] Started D-Bus System Message Bus.
         Starting Login Service...
         Starting OpenBSD Secure Shell server...
[[0;32m  OK  [0m] Started Regular background program processing daemon.
         Starting Virtualbox guest utils...
         Starting /etc/rc.local Compatibility...
         Starting LSB: Record successful boot for GRUB...
         Starting Snappy daemon...
[[0;32m  OK  [0m] Started FUSE filesystem for LXC.
[[0;32m  OK  [0m] Started Unattended Upgrades Shutdown.
[[0;32m  OK  [0m] Started System Logging Service.
[[0;32m  OK  [0m] Started iSCSI initiator daemon (iscsid).
[[0;32m  OK  [0m] Started /etc/rc.local Compatibility.
[[0;32m  OK  [0m] Started OpenBSD Secure Shell server.
[[0;32m  OK  [0m] Started LXD - container startup/shutdown.
[[0;32m  OK  [0m] Started LSB: MD monitoring daemon.
[[0;32m  OK  [0m] Started Login Service.
[[0;32m  OK  [0m] Started LSB: Record successful boot for GRUB.
         Starting Authenticate and Authorize Users to Run Privileged Tasks...
         Starting Login to default iSCSI targets...
[[0;32m  OK  [0m] Started Virtualbox guest utils.
[[0;32m  OK  [0m] Started Login to default iSCSI targets.
[[0;32m  OK  [0m] Started Snappy daemon.
[[0;32m  OK  [0m] Started Authenticate and Authorize Users to Run Privileged Tasks.
[[0;32m  OK  [0m] Started Accounts Service.
         Starting Wait until snapd is fully seeded...
[[0;32m  OK  [0m] Reached target Remote File Systems (Pre).
[[0;32m  OK  [0m] Reached target Remote File Systems.
         Starting LSB: Set the CPU Frequency Scaling governor to "ondemand"...
         Starting LSB: daemon to balance interrupts for SMP systems...
         Starting LSB: Apache2 web server...
         Starting Permit User Sessions...
         Starting LSB: automatic crash report generation...
[[0;32m  OK  [0m] Started Wait until snapd is fully seeded.
[[0;32m  OK  [0m] Started Permit User Sessions.
[[0;32m  OK  [0m] Started LSB: Set the CPU Frequency Scaling governor to "ondemand".
         Starting Hold until boot process finishes up...
         Starting Terminate Plymouth Boot Screen...
         Starting Apply the settings specified in cloud-config...
[[0;32m  OK  [0m] Started LSB: daemon to balance interrupts for SMP systems.
[[0;32m  OK  [0m] Started LSB: automatic crash report generation.
[[0;32m  OK  [0m] Started Hold until boot process finishes up.
[[0;32m  OK  [0m] Started Terminate Plymouth Boot Screen.
[[0;32m  OK  [0m] Started Getty on tty1.
         Starting Set console scheme...
[[0;32m  OK  [0m] Started Serial Getty on ttyS0.
[[0;32m  OK  [0m] Reached target Login Prompts.
[[0;32m  OK  [0m] Started Set console scheme.
[   10.675574] cloud-init[1304]: Cloud-init v. 18.3-9-g2e62cb8a-0ubuntu1~16.04.2 running 'modules:config' at Fri, 05 Oct 2018 20:23:24 +0000. Up 10.48 seconds.
[[0;32m  OK  [0m] Started Apply the settings specified in cloud-config.
[[0;32m  OK  [0m] Started LSB: Apache2 web server.
[[0;32m  OK  [0m] Reached target Multi-User System.
         Starting Execute cloud user/final scripts...
[[0;32m  OK  [0m] Reached target Graphical Interface.
         Starting Update UTMP about System Runlevel Changes...
[[0;32m  OK  [0m] Started Update UTMP about System Runlevel Changes.
[   12.068278] cloud-init[1342]: Cloud-init v. 18.3-9-g2e62cb8a-0ubuntu1~16.04.2 running 'modules:final' at Fri, 05 Oct 2018 20:23:25 +0000. Up 11.83 seconds.
[   12.147447] cloud-init[1342]: Cloud-init v. 18.3-9-g2e62cb8a-0ubuntu1~16.04.2 finished at Fri, 05 Oct 2018 20:23:25 +0000. Datasource DataSourceNoCloud [seed=/dev/sdb][dsmode=net].  Up 12.05 seconds
[[0;32m  OK  [0m] Started Execute cloud user/final scripts.
[[0;32m  OK  [0m] Reached target Cloud-init target.

Ubuntu 16.04.5 LTS ubuntu-xenial ttyS0

ubuntu-xenial login: 